Archive member included to satisfy reference by file (symbol)

../../../../lib/ksdk_platform_lib/armgcc/KL03Z4/release/libksdk_platform.a(fsl_os_abstraction_bm.c.obj)
                              CMakeFiles/Warp.dir/Users/kevin/Github/Warp-firmware/build/ksdk1.1/work/demos/Warp/src/warp-kl03-ksdk1.1-boot.c.obj (OSA_TimeDelay)
../../../../lib/ksdk_platform_lib/armgcc/KL03Z4/release/libksdk_platform.a(fsl_clock_manager.c.obj)
                              CMakeFiles/Warp.dir/Users/kevin/Github/Warp-firmware/build/ksdk1.1/work/demos/Warp/src/warp-kl03-ksdk1.1-boot.c.obj (CLOCK_SYS_Init)
../../../../lib/ksdk_platform_lib/armgcc/KL03Z4/release/libksdk_platform.a(fsl_clock_MKL03Z4.c.obj)
                              ../../../../lib/ksdk_platform_lib/armgcc/KL03Z4/release/libksdk_platform.a(fsl_clock_manager.c.obj) (CLOCK_SYS_SetConfiguration)
../../../../lib/ksdk_platform_lib/armgcc/KL03Z4/release/libksdk_platform.a(fsl_interrupt_manager.c.obj)
                              ../../../../lib/ksdk_platform_lib/armgcc/KL03Z4/release/libksdk_platform.a(fsl_os_abstraction_bm.c.obj) (INT_SYS_InstallHandler)
../../../../lib/ksdk_platform_lib/armgcc/KL03Z4/release/libksdk_platform.a(fsl_power_manager.c.obj)
                              CMakeFiles/Warp.dir/Users/kevin/Github/Warp-firmware/build/ksdk1.1/work/demos/Warp/src/warp-kl03-ksdk1.1-boot.c.obj (POWER_SYS_Init)
../../../../lib/ksdk_platform_lib/armgcc/KL03Z4/release/libksdk_platform.a(fsl_gpio_driver.c.obj)
                              ../../../../lib/ksdk_platform_lib/armgcc/KL03Z4/release/libksdk_platform.a(fsl_power_manager.c.obj) (GPIO_DRV_InputPinInit)
../../../../lib/ksdk_platform_lib/armgcc/KL03Z4/release/libksdk_platform.a(fsl_i2c_shared_function.c.obj)
                              CMakeFiles/Warp.dir/Users/kevin/Github/Warp-firmware/build/ksdk1.1/work/platform/drivers/src/i2c/fsl_i2c_irq.c.obj (I2C_DRV_IRQHandler)
../../../../lib/ksdk_platform_lib/armgcc/KL03Z4/release/libksdk_platform.a(fsl_i2c_common.c.obj)
                              ../../../../lib/ksdk_platform_lib/armgcc/KL03Z4/release/libksdk_platform.a(fsl_i2c_shared_function.c.obj) (g_i2cBaseAddr)
../../../../lib/ksdk_platform_lib/armgcc/KL03Z4/release/libksdk_platform.a(fsl_i2c_master_driver.c.obj)
                              CMakeFiles/Warp.dir/Users/kevin/Github/Warp-firmware/build/ksdk1.1/work/demos/Warp/src/warp-kl03-ksdk1.1-boot.c.obj (I2C_DRV_MasterInit)
../../../../lib/ksdk_platform_lib/armgcc/KL03Z4/release/libksdk_platform.a(fsl_i2c_slave_driver.c.obj)
                              ../../../../lib/ksdk_platform_lib/armgcc/KL03Z4/release/libksdk_platform.a(fsl_i2c_shared_function.c.obj) (I2C_DRV_SlaveIRQHandler)
../../../../lib/ksdk_platform_lib/armgcc/KL03Z4/release/libksdk_platform.a(fsl_llwu_hal.c.obj)
                              ../../../../lib/ksdk_platform_lib/armgcc/KL03Z4/release/libksdk_platform.a(fsl_power_manager.c.obj) (LLWU_HAL_SetExternalInputPinMode)
../../../../lib/ksdk_platform_lib/armgcc/KL03Z4/release/libksdk_platform.a(fsl_lpuart_driver.c.obj)
                              CMakeFiles/Warp.dir/Users/kevin/Github/Warp-firmware/build/ksdk1.1/work/demos/Warp/src/warp-kl03-ksdk1.1-boot.c.obj (LPUART_DRV_Init)
../../../../lib/ksdk_platform_lib/armgcc/KL03Z4/release/libksdk_platform.a(fsl_lpuart_common.c.obj)
                              ../../../../lib/ksdk_platform_lib/armgcc/KL03Z4/release/libksdk_platform.a(fsl_lpuart_driver.c.obj) (g_lpuartRxTxIrqId)
../../../../lib/ksdk_platform_lib/armgcc/KL03Z4/release/libksdk_platform.a(fsl_mcglite_hal.c.obj)
                              ../../../../lib/ksdk_platform_lib/armgcc/KL03Z4/release/libksdk_platform.a(fsl_clock_MKL03Z4.c.obj) (CLOCK_HAL_GetInternalRefClk)
../../../../lib/ksdk_platform_lib/armgcc/KL03Z4/release/libksdk_platform.a(fsl_mcglite_hal_modes.c.obj)
                              ../../../../lib/ksdk_platform_lib/armgcc/KL03Z4/release/libksdk_platform.a(fsl_power_manager.c.obj) (CLOCK_HAL_GetMode)
../../../../lib/ksdk_platform_lib/armgcc/KL03Z4/release/libksdk_platform.a(fsl_osc_hal.c.obj)
                              ../../../../lib/ksdk_platform_lib/armgcc/KL03Z4/release/libksdk_platform.a(fsl_clock_MKL03Z4.c.obj) (OSC_HAL_SetExternalRefClkCmd)
../../../../lib/ksdk_platform_lib/armgcc/KL03Z4/release/libksdk_platform.a(fsl_rtc_hal.c.obj)
                              CMakeFiles/Warp.dir/Users/kevin/Github/Warp-firmware/build/ksdk1.1/work/demos/Warp/src/warp-kl03-ksdk1.1-powermodes.c.obj (RTC_HAL_ConvertSecsToDatetime)
../../../../lib/ksdk_platform_lib/armgcc/KL03Z4/release/libksdk_platform.a(fsl_rtc_driver.c.obj)
                              CMakeFiles/Warp.dir/Users/kevin/Github/Warp-firmware/build/ksdk1.1/work/demos/Warp/src/warp-kl03-ksdk1.1-boot.c.obj (RTC_DRV_Init)
../../../../lib/ksdk_platform_lib/armgcc/KL03Z4/release/libksdk_platform.a(fsl_rtc_common.c.obj)
[...]
Memory Configuration

Name             Origin             Length             Attributes
m_interrupts     0x0000000000000000 0x0000000000000100 xr
m_flash_config   0x0000000000000400 0x0000000000000010 xr
m_text           0x0000000000000410 0x0000000000007bf0 xr
m_data           0x000000001ffffe00 0x0000000000000800 rw
*default*        0x0000000000000000 0xffffffffffffffff

Linker script and memory map

LOAD /Users/kevin/gcc-arm-none-eabi-9-2019-q4-major/bin/../lib/gcc/arm-none-eabi/9.2.1/thumb/v6-m/nofp/crti.o
LOAD /Users/kevin/gcc-arm-none-eabi-9-2019-q4-major/bin/../lib/gcc/arm-none-eabi/9.2.1/thumb/v6-m/nofp/crtbegin.o
LOAD /Users/kevin/gcc-arm-none-eabi-9-2019-q4-major/bin/../lib/gcc/arm-none-eabi/9.2.1/../../../../arm-none-eabi/lib/thumb/v6-m/nofp/crt0.o
LOAD /Users/kevin/gcc-arm-none-eabi-9-2019-q4-major/bin/../lib/gcc/arm-none-eabi/9.2.1/../../../../arm-none-eabi/lib/thumb/v6-m/nofp/libm.a
                0x0000000000000300                __stack_size__ = 0x300
                0x0000000000000000                __heap_size__ = 0x0
LOAD CMakeFiles/Warp.dir/Users/kevin/Github/Warp-firmware/build/ksdk1.1/work/platform/utilities/src/fsl_misc_utilities.c.obj
LOAD CMakeFiles/Warp.dir/Users/kevin/Github/Warp-firmware/build/ksdk1.1/work/platform/startup/MKL03Z4/gcc/startup_MKL03Z4.S.obj
LOAD CMakeFiles/Warp.dir/Users/kevin/Github/Warp-firmware/build/ksdk1.1/work/demos/Warp/src/warp-kl03-ksdk1.1-boot.c.obj
LOAD CMakeFiles/Warp.dir/Users/kevin/Github/Warp-firmware/build/ksdk1.1/work/demos/Warp/src/warp-kl03-ksdk1.1-powermodes.c.obj
LOAD CMakeFiles/Warp.dir/Users/kevin/Github/Warp-firmware/build/ksdk1.1/work/demos/Warp/src/devBMX055.c.obj
LOAD CMakeFiles/Warp.dir/Users/kevin/Github/Warp-firmware/build/ksdk1.1/work/demos/Warp/src/devMMA8451Q.c.obj
LOAD CMakeFiles/Warp.dir/Users/kevin/Github/Warp-firmware/build/ksdk1.1/work/demos/Warp/src/devHDC1000.c.obj
LOAD CMakeFiles/Warp.dir/Users/kevin/Github/Warp-firmware/build/ksdk1.1/work/demos/Warp/src/devMAG3110.c.obj
LOAD CMakeFiles/Warp.dir/Users/kevin/Github/Warp-firmware/build/ksdk1.1/work/demos/Warp/src/devL3GD20H.c.obj
LOAD CMakeFiles/Warp.dir/Users/kevin/Github/Warp-firmware/build/ksdk1.1/work/demos/Warp/src/devBME680.c.obj
LOAD CMakeFiles/Warp.dir/Users/kevin/Github/Warp-firmware/build/ksdk1.1/work/demos/Warp/src/devCCS811.c.obj
LOAD CMakeFiles/Warp.dir/Users/kevin/Github/Warp-firmware/build/ksdk1.1/work/demos/Warp/src/devAMG8834.c.obj
LOAD CMakeFiles/Warp.dir/Users/kevin/Github/Warp-firmware/build/ksdk1.1/work/demos/Warp/src/devINA219.c.obj
LOAD CMakeFiles/Warp.dir/Users/kevin/Github/Warp-firmware/build/ksdk1.1/work/demos/Warp/src/devHCSR04.c.obj
LOAD CMakeFiles/Warp.dir/Users/kevin/Github/Warp-firmware/build/ksdk1.1/work/demos/Warp/src/devSSD1331.c.obj
LOAD CMakeFiles/Warp.dir/Users/kevin/Github/Warp-firmware/build/ksdk1.1/work/demos/Warp/src/devHPA17F.c.obj
LOAD CMakeFiles/Warp.dir/Users/kevin/Github/Warp-firmware/build/ksdk1.1/work/demos/Warp/src/delay.c.obj
LOAD CMakeFiles/Warp.dir/Users/kevin/Github/Warp-firmware/build/ksdk1.1/work/demos/Warp/src/SEGGER_RTT.c.obj
LOAD CMakeFiles/Warp.dir/Users/kevin/Github/Warp-firmware/build/ksdk1.1/work/demos/Warp/src/SEGGER_RTT_printf.c.obj
LOAD CMakeFiles/Warp.dir/Users/kevin/Github/Warp-firmware/build/ksdk1.1/work/platform/drivers/src/i2c/fsl_i2c_irq.c.obj
LOAD CMakeFiles/Warp.dir/Users/kevin/Github/Warp-firmware/build/ksdk1.1/work/platform/drivers/src/spi/fsl_spi_irq.c.obj
LOAD CMakeFiles/Warp.dir/Users/kevin/Github/Warp-firmware/build/ksdk1.1/work/platform/startup/MKL03Z4/system_MKL03Z4.c.obj
LOAD CMakeFiles/Warp.dir/Users/kevin/Github/Warp-firmware/build/ksdk1.1/work/platform/startup/startup.c.obj
LOAD CMakeFiles/Warp.dir/Users/kevin/Github/Warp-firmware/build/ksdk1.1/work/boards/Warp/gpio_pins.c.obj
START GROUP
LOAD ../../../../lib/ksdk_platform_lib/armgcc/KL03Z4/release/libksdk_platform.a
LOAD /Users/kevin/gcc-arm-none-eabi-9-2019-q4-major/bin/../lib/gcc/arm-none-eabi/9.2.1/../../../../arm-none-eabi/lib/thumb/v6-m/nofp/libm.a
LOAD /Users/kevin/gcc-arm-none-eabi-9-2019-q4-major/bin/../lib/gcc/arm-none-eabi/9.2.1/../../../../arm-none-eabi/lib/thumb/v6-m/nofp/libc_nano.a
LOAD /Users/kevin/gcc-arm-none-eabi-9-2019-q4-major/bin/../lib/gcc/arm-none-eabi/9.2.1/thumb/v6-m/nofp/libgcc.a
LOAD /Users/kevin/gcc-arm-none-eabi-9-2019-q4-major/bin/../lib/gcc/arm-none-eabi/9.2.1/../../../../arm-none-eabi/lib/thumb/v6-m/nofp/libnosys.a
END GROUP
START GROUP
LOAD /Users/kevin/gcc-arm-none-eabi-9-2019-q4-major/bin/../lib/gcc/arm-none-eabi/9.2.1/thumb/v6-m/nofp/libgcc.a
LOAD /Users/kevin/gcc-arm-none-eabi-9-2019-q4-major/bin/../lib/gcc/arm-none-eabi/9.2.1/../../../../arm-none-eabi/lib/thumb/v6-m/nofp/libc_nano.a
END GROUP
START GROUP
LOAD /Users/kevin/gcc-arm-none-eabi-9-2019-q4-major/bin/../lib/gcc/arm-none-eabi/9.2.1/thumb/v6-m/nofp/libgcc.a
LOAD /Users/kevin/gcc-arm-none-eabi-9-2019-q4-major/bin/../lib/gcc/arm-none-eabi/9.2.1/../../../../arm-none-eabi/lib/thumb/v6-m/nofp/libc_nano.a
END GROUP
LOAD /Users/kevin/gcc-arm-none-eabi-9-2019-q4-major/bin/../lib/gcc/arm-none-eabi/9.2.1/thumb/v6-m/nofp/crtend.o
LOAD /Users/kevin/gcc-arm-none-eabi-9-2019-q4-major/bin/../lib/gcc/arm-none-eabi/9.2.1/thumb/v6-m/nofp/crtn.o
                0x0000000000000000                HEAP_SIZE = DEFINED (__heap_size__)?__heap_size__:0x200
                0x0000000000000300                STACK_SIZE = DEFINED (__stack_size__)?__stack_size__:0x50
                0x0000000000000000                M_VECTOR_RAM_SIZE = DEFINED (__ram_vector_table__)?0x100:0x0

.interrupts     0x0000000000000000       0xc0
                0x0000000000000000                __VECTOR_TABLE = .
                0x0000000000000000                . = ALIGN (0x4)
 *(.isr_vector)
 .isr_vector    0x0000000000000000       0xc0 CMakeFiles/Warp.dir/Users/kevin/Github/Warp-firmware/build/ksdk1.1/work/platform/startup/MKL03Z4/gcc/startup_MKL03Z4.S.obj
                0x0000000000000000                __isr_vector
                0x00000000000000c0                . = ALIGN (0x4)

.flash_config   0x0000000000000400       0x10
                0x0000000000000400                . = ALIGN (0x4)
 *(.FlashConfig)
 .FlashConfig   0x0000000000000400       0x10 CMakeFiles/Warp.dir/Users/kevin/Github/Warp-firmware/build/ksdk1.1/work/platform/startup/MKL03Z4/gcc/startup_MKL03Z4.S.obj
                0x0000000000000410                . = ALIGN (0x4)

.text           0x0000000000000410     0x6fe4
                0x0000000000000410                . = ALIGN (0x4)
 *(.text)
 .text          0x0000000000000410       0x48 /Users/kevin/gcc-arm-none-eabi-9-2019-q4-major/bin/../lib/gcc/arm-none-eabi/9.2.1/thumb/v6-m/nofp/crtbegin.o
 .text          0x0000000000000458       0x78 /Users/kevin/gcc-arm-none-eabi-9-2019-q4-major/bin/../lib/gcc/arm-none-eabi/9.2.1/../../../../arm-none-eabi/lib/thumb/v6-m/nofp/crt0.o
                0x0000000000000458                _mainCRTStartup
                0x0000000000000458                _start
 .text          0x00000000000004d0       0x30 CMakeFiles/Warp.dir/Users/kevin/Github/Warp-firmware/build/ksdk1.1/work/platform/startup/MKL03Z4/gcc/startup_MKL03Z4.S.obj
                0x00000000000004d0                Reset_Handler
                0x00000000000004f8                Reserved16_IRQHandler
                0x00000000000004f8                HardFault_Handler
                0x00000000000004f8                SysTick_Handler
                0x00000000000004f8                PendSV_Handler
                0x00000000000004f8                NMI_Handler
                0x00000000000004f8                Reserved19_IRQHandler
                0x00000000000004f8                Reserved29_IRQHandler
                0x00000000000004f8                TPM0_IRQHandler
                0x00000000000004f8                LLWU_IRQHandler
                0x00000000000004f8                Reserved42_IRQHandler
                0x00000000000004f8                ADC0_IRQHandler
                0x00000000000004f8                Reserved39_IRQHandler
                0x00000000000004f8                DefaultISR
                0x00000000000004f8                Reserved25_IRQHandler
                0x00000000000004f8                PORTB_IRQHandler
                0x00000000000004f8                Reserved43_IRQHandler
                0x00000000000004f8                Reserved27_IRQHandler
                0x00000000000004f8                Reserved35_IRQHandler
                0x00000000000004f8                Reserved20_IRQHandler
                0x00000000000004f8                Reserved17_IRQHandler
                0x00000000000004f8                Reserved41_IRQHandler
                0x00000000000004f8                SVC_Handler
                0x00000000000004f8                LPUART0_IRQHandler
                0x00000000000004f8                Reserved45_IRQHandler
                0x00000000000004f8                Reserved30_IRQHandler
                0x00000000000004f8                PMC_IRQHandler
                0x00000000000004f8                TPM1_IRQHandler
                0x00000000000004f8                PORTA_IRQHandler
                0x00000000000004f8                FTFA_IRQHandler
                0x00000000000004f8                Reserved40_IRQHandler
                0x00000000000004f8                Reserved38_IRQHandler
                0x00000000000004f8                LPTMR0_IRQHandler
                0x00000000000004f8                Reserved18_IRQHandler
                0x00000000000004f8                CMP0_IRQHandler
 .text          0x0000000000000500        0xe /Users/kevin/gcc-arm-none-eabi-9-2019-q4-major/bin/../lib/gcc/arm-none-eabi/9.2.1/../../../../arm-none-eabi/lib/thumb/v6-m/nofp/libc_nano.a(lib_a-strlen.o)
                0x0000000000000500                strlen
 *fill*         0x000000000000050e        0x2 
 .text          0x0000000000000510       0x14 /Users/kevin/gcc-arm-none-eabi-9-2019-q4-major/bin/../lib/gcc/arm-none-eabi/9.2.1/thumb/v6-m/nofp/libgcc.a(_thumb1_case_uqi.o)
                0x0000000000000510                __gnu_thumb1_case_uqi
 .text          0x0000000000000524       0x14 /Users/kevin/gcc-arm-none-eabi-9-2019-q4-major/bin/../lib/gcc/arm-none-eabi/9.2.1/thumb/v6-m/nofp/libgcc.a(_thumb1_case_shi.o)
                0x0000000000000524                __gnu_thumb1_case_shi
 .text          0x0000000000000538      0x114 /Users/kevin/gcc-arm-none-eabi-9-2019-q4-major/bin/../lib/gcc/arm-none-eabi/9.2.1/thumb/v6-m/nofp/libgcc.a(_udivsi3.o)
                0x0000000000000538                __udivsi3
                0x0000000000000538                __aeabi_uidiv
                0x0000000000000644                __aeabi_uidivmod
 .text          0x000000000000064c      0x1d4 /Users/kevin/gcc-arm-none-eabi-9-2019-q4-major/bin/../lib/gcc/arm-none-eabi/9.2.1/thumb/v6-m/nofp/libgcc.a(_divsi3.o)
                0x000000000000064c                __aeabi_idiv
                0x000000000000064c                __divsi3
                0x0000000000000818                __aeabi_idivmod
 .text          0x0000000000000820        0x4 /Users/kevin/gcc-arm-none-eabi-9-2019-q4-major/bin/../lib/gcc/arm-none-eabi/9.2.1/thumb/v6-m/nofp/libgcc.a(_dvmd_tls.o)
                0x0000000000000820                __aeabi_ldiv0
                0x0000000000000820                __aeabi_idiv0
 .text          0x0000000000000824       0x74 /Users/kevin/gcc-arm-none-eabi-9-2019-q4-major/bin/../lib/gcc/arm-none-eabi/9.2.1/thumb/v6-m/nofp/libgcc.a(_arm_cmpsf2.o)
                0x0000000000000824                __aeabi_cfrcmple
                0x000000000000082c                __aeabi_cfcmple
                0x000000000000082c                __aeabi_cfcmpeq
                0x000000000000083c                __aeabi_fcmpeq
                0x0000000000000848                __aeabi_fcmplt
                0x000000000000085c                __aeabi_fcmple
                0x0000000000000870                __aeabi_fcmpgt
                0x0000000000000884                __aeabi_fcmpge
 .text          0x0000000000000898       0x30 /Users/kevin/gcc-arm-none-eabi-9-2019-q4-major/bin/../lib/gcc/arm-none-eabi/9.2.1/thumb/v6-m/nofp/libgcc.a(_fixunssfsi.o)
                0x0000000000000898                __aeabi_f2uiz
                0x0000000000000898                __fixunssfsi
 .text          0x00000000000008c8       0x50 /Users/kevin/gcc-arm-none-eabi-9-2019-q4-major/bin/../lib/gcc/arm-none-eabi/9.2.1/thumb/v6-m/nofp/libgcc.a(eqsf2.o)
                0x00000000000008c8                __nesf2
                0x00000000000008c8                __eqsf2
 .text          0x0000000000000918       0x98 /Users/kevin/gcc-arm-none-eabi-9-2019-q4-major/bin/../lib/gcc/arm-none-eabi/9.2.1/thumb/v6-m/nofp/libgcc.a(gesf2.o)
                0x0000000000000918                __gtsf2
                0x0000000000000918                __gesf2
 .text          0x00000000000009b0       0x94 /Users/kevin/gcc-arm-none-eabi-9-2019-q4-major/bin/../lib/gcc/arm-none-eabi/9.2.1/thumb/v6-m/nofp/libgcc.a(lesf2.o)
                0x00000000000009b0                __lesf2
                0x00000000000009b0                __ltsf2
 .text          0x0000000000000a44      0x390 /Users/kevin/gcc-arm-none-eabi-9-2019-q4-major/bin/../lib/gcc/arm-none-eabi/9.2.1/thumb/v6-m/nofp/libgcc.a(subsf3.o)
                0x0000000000000a44                __aeabi_fsub
 .text          0x0000000000000dd4       0x40 /Users/kevin/gcc-arm-none-eabi-9-2019-q4-major/bin/../lib/gcc/arm-none-eabi/9.2.1/thumb/v6-m/nofp/libgcc.a(fixsfsi.o)
                0x0000000000000dd4                __aeabi_f2iz
 .text          0x0000000000000e14       0x8c /Users/kevin/gcc-arm-none-eabi-9-2019-q4-major/bin/../lib/gcc/arm-none-eabi/9.2.1/thumb/v6-m/nofp/libgcc.a(floatsisf.o)
                0x0000000000000e14                __aeabi_i2f
 .text          0x0000000000000ea0      0x4d8 /Users/kevin/gcc-arm-none-eabi-9-2019-q4-major/bin/../lib/gcc/arm-none-eabi/9.2.1/thumb/v6-m/nofp/libgcc.a(muldf3.o)
                0x0000000000000ea0                __aeabi_dmul
 .text          0x0000000000001378       0x60 /Users/kevin/gcc-arm-none-eabi-9-2019-q4-major/bin/../lib/gcc/arm-none-eabi/9.2.1/thumb/v6-m/nofp/libgcc.a(floatsidf.o)
                0x0000000000001378                __aeabi_i2d
 .text          0x00000000000013d8      0x110 /Users/kevin/gcc-arm-none-eabi-9-2019-q4-major/bin/../lib/gcc/arm-none-eabi/9.2.1/thumb/v6-m/nofp/libgcc.a(truncdfsf2.o)
                0x00000000000013d8                __aeabi_d2f
 .text          0x00000000000014e8       0x3c /Users/kevin/gcc-arm-none-eabi-9-2019-q4-major/bin/../lib/gcc/arm-none-eabi/9.2.1/thumb/v6-m/nofp/libgcc.a(_clzsi2.o)
                0x00000000000014e8                __clzsi2
 *(.text*)
 .text.clockManagerCallbackRoutine
                0x0000000000001524        0xc CMakeFiles/Warp.dir/Users/kevin/Github/Warp-firmware/build/ksdk1.1/work/demos/Warp/src/warp-kl03-ksdk1.1-boot.c.obj
                0x0000000000001524                clockManagerCallbackRoutine
 .text.callback0
                0x0000000000001530       0x14 CMakeFiles/Warp.dir/Users/kevin/Github/Warp-firmware/build/ksdk1.1/work/demos/Warp/src/warp-kl03-ksdk1.1-boot.c.obj
                0x0000000000001530                callback0
 .text.RTC_IRQHandler
                0x0000000000001544       0x16 CMakeFiles/Warp.dir/Users/kevin/Github/Warp-firmware/build/ksdk1.1/work/demos/Warp/src/warp-kl03-ksdk1.1-boot.c.obj
                0x0000000000001544                RTC_IRQHandler
 *fill*         0x000000000000155a        0x2 
 .text.RTC_Seconds_IRQHandler
                0x000000000000155c       0x10 CMakeFiles/Warp.dir/Users/kevin/Github/Warp-firmware/build/ksdk1.1/work/demos/Warp/src/warp-kl03-ksdk1.1-boot.c.obj
                0x000000000000155c                RTC_Seconds_IRQHandler
 .text.enableSPIpins
                0x000000000000156c       0x5c CMakeFiles/Warp.dir/Users/kevin/Github/Warp-firmware/build/ksdk1.1/work/demos/Warp/src/warp-kl03-ksdk1.1-boot.c.obj
                0x000000000000156c                enableSPIpins
 .text.disableSPIpins
                0x00000000000015c8       0x40 CMakeFiles/Warp.dir/Users/kevin/Github/Warp-firmware/build/ksdk1.1/work/demos/Warp/src/warp-kl03-ksdk1.1-boot.c.obj
                0x00000000000015c8                disableSPIpins
 .text.enableI2Cpins
                0x0000000000001608       0x2c CMakeFiles/Warp.dir/Users/kevin/Github/Warp-firmware/build/ksdk1.1/work/demos/Warp/src/warp-kl03-ksdk1.1-boot.c.obj
                0x0000000000001608                enableI2Cpins
 .text.disableI2Cpins
                0x0000000000001634       0x34 CMakeFiles/Warp.dir/Users/kevin/Github/Warp-firmware/build/ksdk1.1/work/demos/Warp/src/warp-kl03-ksdk1.1-boot.c.obj
                0x0000000000001634                disableI2Cpins
 .text.lowPowerPinStates
                0x0000000000001668      0x12c CMakeFiles/Warp.dir/Users/kevin/Github/Warp-firmware/build/ksdk1.1/work/demos/Warp/src/warp-kl03-ksdk1.1-boot.c.obj
                0x0000000000001668                lowPowerPinStates
 .text.disableTPS82740A
                0x0000000000001794        0xa CMakeFiles/Warp.dir/Users/kevin/Github/Warp-firmware/build/ksdk1.1/work/demos/Warp/src/warp-kl03-ksdk1.1-boot.c.obj
                0x0000000000001794                disableTPS82740A
 .text.disableTPS82740B
                0x000000000000179e        0xa CMakeFiles/Warp.dir/Users/kevin/Github/Warp-firmware/build/ksdk1.1/work/demos/Warp/src/warp-kl03-ksdk1.1-boot.c.obj
                0x000000000000179e                disableTPS82740B
 .text.setTPS82740CommonControlLines
                0x00000000000017a8      0x118 CMakeFiles/Warp.dir/Users/kevin/Github/Warp-firmware/build/ksdk1.1/work/demos/Warp/src/warp-kl03-ksdk1.1-boot.c.obj
                0x00000000000017a8                setTPS82740CommonControlLines
 .text.enableTPS82740A
                0x00000000000018c0       0x1c CMakeFiles/Warp.dir/Users/kevin/Github/Warp-firmware/build/ksdk1.1/work/demos/Warp/src/warp-kl03-ksdk1.1-boot.c.obj
                0x00000000000018c0                enableTPS82740A
 .text.enableTPS82740B
                0x00000000000018dc       0x1c CMakeFiles/Warp.dir/Users/kevin/Github/Warp-firmware/build/ksdk1.1/work/demos/Warp/src/warp-kl03-ksdk1.1-boot.c.obj
                0x00000000000018dc                enableTPS82740B
 .text.enableSssupply
                0x00000000000018f8       0x40 CMakeFiles/Warp.dir/Users/kevin/Github/Warp-firmware/build/ksdk1.1/work/demos/Warp/src/warp-kl03-ksdk1.1-boot.c.obj
                0x00000000000018f8                enableSssupply
 .text.disableSssupply
                0x0000000000001938       0x20 CMakeFiles/Warp.dir/Users/kevin/Github/Warp-firmware/build/ksdk1.1/work/demos/Warp/src/warp-kl03-ksdk1.1-boot.c.obj
                0x0000000000001938                disableSssupply
 .text.warpLowPowerSecondsSleep
                0x0000000000001958       0x1e CMakeFiles/Warp.dir/Users/kevin/Github/Warp-firmware/build/ksdk1.1/work/demos/Warp/src/warp-kl03-ksdk1.1-boot.c.obj
                0x0000000000001958                warpLowPowerSecondsSleep
 .text.sleepUntilReset
                0x0000000000001976       0x16 CMakeFiles/Warp.dir/Users/kevin/Github/Warp-firmware/build/ksdk1.1/work/demos/Warp/src/warp-kl03-ksdk1.1-boot.c.obj
                0x0000000000001976                sleepUntilReset
 .text.printAllSensors
                0x000000000000198c       0xec CMakeFiles/Warp.dir/Users/kevin/Github/Warp-firmware/build/ksdk1.1/work/demos/Warp/src/warp-kl03-ksdk1.1-boot.c.obj
                0x000000000000198c                printAllSensors
 .text.printOneSensor
                0x0000000000001a78       0x44 CMakeFiles/Warp.dir/Users/kevin/Github/Warp-firmware/build/ksdk1.1/work/demos/Warp/src/warp-kl03-ksdk1.1-boot.c.obj
                0x0000000000001a78                printOneSensor
 .text.loopForSensor
                0x0000000000001abc      0x1d0 CMakeFiles/Warp.dir/Users/kevin/Github/Warp-firmware/build/ksdk1.1/work/demos/Warp/src/warp-kl03-ksdk1.1-boot.c.obj
                0x0000000000001abc                loopForSensor
 .text.repeatRegisterReadForDeviceAndAddress
                0x0000000000001c8c      0x128 CMakeFiles/Warp.dir/Users/kevin/Github/Warp-firmware/build/ksdk1.1/work/demos/Warp/src/warp-kl03-ksdk1.1-boot.c.obj
                0x0000000000001c8c                repeatRegisterReadForDeviceAndAddress
 .text.char2int
                0x0000000000001db4       0x24 CMakeFiles/Warp.dir/Users/kevin/Github/Warp-firmware/build/ksdk1.1/work/demos/Warp/src/warp-kl03-ksdk1.1-boot.c.obj
                0x0000000000001db4                char2int
 .text.readHexByte
                0x0000000000001dd8       0x2a CMakeFiles/Warp.dir/Users/kevin/Github/Warp-firmware/build/ksdk1.1/work/demos/Warp/src/warp-kl03-ksdk1.1-boot.c.obj
                0x0000000000001dd8                readHexByte
 .text.read4digits
                0x0000000000001e02       0x40 CMakeFiles/Warp.dir/Users/kevin/Github/Warp-firmware/build/ksdk1.1/work/demos/Warp/src/warp-kl03-ksdk1.1-boot.c.obj
                0x0000000000001e02                read4digits
 *fill*         0x0000000000001e42        0x2 
 .text.writeByteToI2cDeviceRegister
                0x0000000000001e44       0x44 CMakeFiles/Warp.dir/Users/kevin/Github/Warp-firmware/build/ksdk1.1/work/demos/Warp/src/warp-kl03-ksdk1.1-boot.c.obj
                0x0000000000001e44                writeByteToI2cDeviceRegister
 .text.writeBytesToSpi
                0x0000000000001e88       0x40 CMakeFiles/Warp.dir/Users/kevin/Github/Warp-firmware/build/ksdk1.1/work/demos/Warp/src/warp-kl03-ksdk1.1-boot.c.obj
                0x0000000000001e88                writeBytesToSpi
 .text.powerupAllSensors
                0x0000000000001ec8       0x10 CMakeFiles/Warp.dir/Users/kevin/Github/Warp-firmware/build/ksdk1.1/work/demos/Warp/src/warp-kl03-ksdk1.1-boot.c.obj
                0x0000000000001ec8                powerupAllSensors
 .text.activateAllLowPowerSensorModes
                0x0000000000001ed8       0x34 CMakeFiles/Warp.dir/Users/kevin/Github/Warp-firmware/build/ksdk1.1/work/demos/Warp/src/warp-kl03-ksdk1.1-boot.c.obj
                0x0000000000001ed8                activateAllLowPowerSensorModes
 .text.startup.main
                0x0000000000001f0c      0xb64 CMakeFiles/Warp.dir/Users/kevin/Github/Warp-firmware/build/ksdk1.1/work/demos/Warp/src/warp-kl03-ksdk1.1-boot.c.obj
                0x0000000000001f0c                main
 .text.setSleepRtcAlarm
                0x0000000000002a70       0x2e CMakeFiles/Warp.dir/Users/kevin/Github/Warp-firmware/build/ksdk1.1/work/demos/Warp/src/warp-kl03-ksdk1.1-powermodes.c.obj
 *fill*         0x0000000000002a9e        0x2 
 .text.gpioDisableWakeUp
                0x0000000000002aa0       0x18 CMakeFiles/Warp.dir/Users/kevin/Github/Warp-firmware/build/ksdk1.1/work/demos/Warp/src/warp-kl03-ksdk1.1-powermodes.c.obj
                0x0000000000002aa0                gpioDisableWakeUp
 .text.warpSetLowPowerMode
                0x0000000000002ab8       0xf2 CMakeFiles/Warp.dir/Users/kevin/Github/Warp-firmware/build/ksdk1.1/work/demos/Warp/src/warp-kl03-ksdk1.1-powermodes.c.obj
                0x0000000000002ab8                warpSetLowPowerMode
 *fill*         0x0000000000002baa        0x2 
 .text.writeSensorRegisterMMA8451Q.part.0
                0x0000000000002bac       0x44 CMakeFiles/Warp.dir/Users/kevin/Github/Warp-firmware/build/ksdk1.1/work/demos/Warp/src/devMMA8451Q.c.obj
 .text.initMMA8451Q
                0x0000000000002bf0        0xa CMakeFiles/Warp.dir/Users/kevin/Github/Warp-firmware/build/ksdk1.1/work/demos/Warp/src/devMMA8451Q.c.obj
                0x0000000000002bf0                initMMA8451Q
 .text.configureSensorMMA8451Q
                0x0000000000002bfa       0x1c CMakeFiles/Warp.dir/Users/kevin/Github/Warp-firmware/build/ksdk1.1/work/demos/Warp/src/devMMA8451Q.c.obj
                0x0000000000002bfa                configureSensorMMA8451Q
 *fill*         0x0000000000002c16        0x2 
 .text.readSensorRegisterMMA8451Q
                0x0000000000002c18       0x70 CMakeFiles/Warp.dir/Users/kevin/Github/Warp-firmware/build/ksdk1.1/work/demos/Warp/src/devMMA8451Q.c.obj
                0x0000000000002c18                readSensorRegisterMMA8451Q
 .text.printSensorDataMMA8451Q
                0x0000000000002c88       0xe4 CMakeFiles/Warp.dir/Users/kevin/Github/Warp-firmware/build/ksdk1.1/work/demos/Warp/src/devMMA8451Q.c.obj
                0x0000000000002c88                printSensorDataMMA8451Q
 .text.initINA219
                0x0000000000002d6c        0xa CMakeFiles/Warp.dir/Users/kevin/Github/Warp-firmware/build/ksdk1.1/work/demos/Warp/src/devINA219.c.obj
                0x0000000000002d6c                initINA219
 *fill*         0x0000000000002d76        0x2 
 .text.writeSensorRegisterINA219
                0x0000000000002d78       0x60 CMakeFiles/Warp.dir/Users/kevin/Github/Warp-firmware/build/ksdk1.1/work/demos/Warp/src/devINA219.c.obj
                0x0000000000002d78                writeSensorRegisterINA219
 .text.readSensorRegisterINA219
                0x0000000000002dd8       0x48 CMakeFiles/Warp.dir/Users/kevin/Github/Warp-firmware/build/ksdk1.1/work/demos/Warp/src/devINA219.c.obj
                0x0000000000002dd8                readSensorRegisterINA219
 .text.configureSensorINA219
                0x0000000000002e20       0x2c CMakeFiles/Warp.dir/Users/kevin/Github/Warp-firmware/build/ksdk1.1/work/demos/Warp/src/devINA219.c.obj
                0x0000000000002e20                configureSensorINA219
 .text.printSensorDataINA219
                0x0000000000002e4c       0x4c CMakeFiles/Warp.dir/Users/kevin/Github/Warp-firmware/build/ksdk1.1/work/demos/Warp/src/devINA219.c.obj
                0x0000000000002e4c                printSensorDataINA219
 .text.devHCSR04init
                0x0000000000002e98       0x20 CMakeFiles/Warp.dir/Users/kevin/Github/Warp-firmware/build/ksdk1.1/work/demos/Warp/src/devHCSR04.c.obj
                0x0000000000002e98                devHCSR04init
 .text.readSensorHCSR04
                0x0000000000002eb8       0x94 CMakeFiles/Warp.dir/Users/kevin/Github/Warp-firmware/build/ksdk1.1/work/demos/Warp/src/devHCSR04.c.obj
                0x0000000000002eb8                readSensorHCSR04
 .text.printSensorDataHCSR04
                0x0000000000002f4c       0xfc CMakeFiles/Warp.dir/Users/kevin/Github/Warp-firmware/build/ksdk1.1/work/demos/Warp/src/devHCSR04.c.obj
                0x0000000000002f4c                printSensorDataHCSR04
 .text.devHPA17Finit
                0x0000000000003048       0x28 CMakeFiles/Warp.dir/Users/kevin/Github/Warp-firmware/build/ksdk1.1/work/demos/Warp/src/devHPA17F.c.obj
                0x0000000000003048                devHPA17Finit
 .text.pwmstart
                0x0000000000003070       0x24 CMakeFiles/Warp.dir/Users/kevin/Github/Warp-firmware/build/ksdk1.1/work/demos/Warp/src/devHPA17F.c.obj
                0x0000000000003070                pwmstart
 .text.pwmstop  0x0000000000003094       0x14 CMakeFiles/Warp.dir/Users/kevin/Github/Warp-firmware/build/ksdk1.1/work/demos/Warp/src/devHPA17F.c.obj
                0x0000000000003094                pwmstop
 .text.us_delay
                0x00000000000030a8       0x20 CMakeFiles/Warp.dir/Users/kevin/Github/Warp-firmware/build/ksdk1.1/work/demos/Warp/src/delay.c.obj
                0x00000000000030a8                us_delay
 .text._GetAvailWriteSpace
                0x00000000000030c8       0x12 CMakeFiles/Warp.dir/Users/kevin/Github/Warp-firmware/build/ksdk1.1/work/demos/Warp/src/SEGGER_RTT.c.obj
 .text._WriteNoCheck
                0x00000000000030da       0x30 CMakeFiles/Warp.dir/Users/kevin/Github/Warp-firmware/build/ksdk1.1/work/demos/Warp/src/SEGGER_RTT.c.obj
 .text._WriteBlocking
                0x000000000000310a       0x5a CMakeFiles/Warp.dir/Users/kevin/Github/Warp-firmware/build/ksdk1.1/work/demos/Warp/src/SEGGER_RTT.c.obj
 .text._DoInit  0x0000000000003164       0x5c CMakeFiles/Warp.dir/Users/kevin/Github/Warp-firmware/build/ksdk1.1/work/demos/Warp/src/SEGGER_RTT.c.obj
 .text.SEGGER_RTT_ReadNoLock
                0x00000000000031c0       0xa4 CMakeFiles/Warp.dir/Users/kevin/Github/Warp-firmware/build/ksdk1.1/work/demos/Warp/src/SEGGER_RTT.c.obj
                0x00000000000031c0                SEGGER_RTT_ReadNoLock
 .text.SEGGER_RTT_Read
                0x0000000000003264       0x1a CMakeFiles/Warp.dir/Users/kevin/Github/Warp-firmware/build/ksdk1.1/work/demos/Warp/src/SEGGER_RTT.c.obj
                0x0000000000003264                SEGGER_RTT_Read
 *fill*         0x000000000000327e        0x2 
 .text.SEGGER_RTT_WriteNoLock
                0x0000000000003280       0x6c CMakeFiles/Warp.dir/Users/kevin/Github/Warp-firmware/build/ksdk1.1/work/demos/Warp/src/SEGGER_RTT.c.obj
                0x0000000000003280                SEGGER_RTT_WriteNoLock
 .text.SEGGER_RTT_Write
                0x00000000000032ec       0x34 CMakeFiles/Warp.dir/Users/kevin/Github/Warp-firmware/build/ksdk1.1/work/demos/Warp/src/SEGGER_RTT.c.obj
                0x00000000000032ec                SEGGER_RTT_Write
 .text.SEGGER_RTT_WriteString
                0x0000000000003320       0x18 CMakeFiles/Warp.dir/Users/kevin/Github/Warp-firmware/build/ksdk1.1/work/demos/Warp/src/SEGGER_RTT.c.obj
                0x0000000000003320                SEGGER_RTT_WriteString
 .text.SEGGER_RTT_GetKey
                0x0000000000003338       0x1e CMakeFiles/Warp.dir/Users/kevin/Github/Warp-firmware/build/ksdk1.1/work/demos/Warp/src/SEGGER_RTT.c.obj
                0x0000000000003338                SEGGER_RTT_GetKey
 .text.SEGGER_RTT_WaitKey
                0x0000000000003356        0xc CMakeFiles/Warp.dir/Users/kevin/Github/Warp-firmware/build/ksdk1.1/work/demos/Warp/src/SEGGER_RTT.c.obj
                0x0000000000003356                SEGGER_RTT_WaitKey
 *fill*         0x0000000000003362        0x2 
 .text.SEGGER_RTT_ConfigUpBuffer
                0x0000000000003364       0x60 CMakeFiles/Warp.dir/Users/kevin/Github/Warp-firmware/build/ksdk1.1/work/demos/Warp/src/SEGGER_RTT.c.obj
                0x0000000000003364                SEGGER_RTT_ConfigUpBuffer
 .text._StoreChar
                0x00000000000033c4       0x3e CMakeFiles/Warp.dir/Users/kevin/Github/Warp-firmware/build/ksdk1.1/work/demos/Warp/src/SEGGER_RTT_printf.c.obj
 *fill*         0x0000000000003402        0x2 
 .text._PrintUnsigned
                0x0000000000003404       0xe0 CMakeFiles/Warp.dir/Users/kevin/Github/Warp-firmware/build/ksdk1.1/work/demos/Warp/src/SEGGER_RTT_printf.c.obj
 .text.SEGGER_RTT_vprintf
                0x00000000000034e4      0x262 CMakeFiles/Warp.dir/Users/kevin/Github/Warp-firmware/build/ksdk1.1/work/demos/Warp/src/SEGGER_RTT_printf.c.obj
                0x00000000000034e4                SEGGER_RTT_vprintf
 .text.SEGGER_RTT_printf
                0x0000000000003746       0x18 CMakeFiles/Warp.dir/Users/kevin/Github/Warp-firmware/build/ksdk1.1/work/demos/Warp/src/SEGGER_RTT_printf.c.obj
                0x0000000000003746                SEGGER_RTT_printf
 .text.I2C0_IRQHandler
                0x000000000000375e        0xa CMakeFiles/Warp.dir/Users/kevin/Github/Warp-firmware/build/ksdk1.1/work/platform/drivers/src/i2c/fsl_i2c_irq.c.obj
                0x000000000000375e                I2C0_IRQHandler
 .text.SPI0_IRQHandler
                0x0000000000003768        0xa CMakeFiles/Warp.dir/Users/kevin/Github/Warp-firmware/build/ksdk1.1/work/platform/drivers/src/spi/fsl_spi_irq.c.obj
                0x0000000000003768                SPI0_IRQHandler
 *fill*         0x0000000000003772        0x2 
 .text.SystemInit
                0x0000000000003774       0x84 CMakeFiles/Warp.dir/Users/kevin/Github/Warp-firmware/build/ksdk1.1/work/platform/startup/MKL03Z4/system_MKL03Z4.c.obj
                0x0000000000003774                SystemInit
 .text.init_data_bss
                0x00000000000037f8       0x70 CMakeFiles/Warp.dir/Users/kevin/Github/Warp-firmware/build/ksdk1.1/work/platform/startup/startup.c.obj
                0x00000000000037f8                init_data_bss
 .text.OSA_SemaCreate
                0x0000000000003868        0xe ../../../../lib/ksdk_platform_lib/armgcc/KL03Z4/release/libksdk_platform.a(fsl_os_abstraction_bm.c.obj)
                0x0000000000003868                OSA_SemaCreate
 .text.OSA_SemaPost
                0x0000000000003876       0x20 ../../../../lib/ksdk_platform_lib/armgcc/KL03Z4/release/libksdk_platform.a(fsl_os_abstraction_bm.c.obj)
                0x0000000000003876                OSA_SemaPost
 .text.OSA_SemaDestroy
                0x0000000000003896        0x4 ../../../../lib/ksdk_platform_lib/armgcc/KL03Z4/release/libksdk_platform.a(fsl_os_abstraction_bm.c.obj)
                0x0000000000003896                OSA_SemaDestroy
 .text.OSA_EventSet
                0x000000000000389a       0x18 ../../../../lib/ksdk_platform_lib/armgcc/KL03Z4/release/libksdk_platform.a(fsl_os_abstraction_bm.c.obj)
                0x000000000000389a                OSA_EventSet
 *fill*         0x00000000000038b2        0x2 
 .text.task_init
                0x00000000000038b4       0x38 ../../../../lib/ksdk_platform_lib/armgcc/KL03Z4/release/libksdk_platform.a(fsl_os_abstraction_bm.c.obj)
                0x00000000000038b4                task_init
 .text.OSA_TimeGetMsec
                0x00000000000038ec       0x10 ../../../../lib/ksdk_platform_lib/armgcc/KL03Z4/release/libksdk_platform.a(fsl_os_abstraction_bm.c.obj)
                0x00000000000038ec                OSA_TimeGetMsec
 .text.OSA_SemaWait
                0x00000000000038fc       0x7a ../../../../lib/ksdk_platform_lib/armgcc/KL03Z4/release/libksdk_platform.a(fsl_os_abstraction_bm.c.obj)
                0x00000000000038fc                OSA_SemaWait
 .text.OSA_TimeDelay
                0x0000000000003976       0x26 ../../../../lib/ksdk_platform_lib/armgcc/KL03Z4/release/libksdk_platform.a(fsl_os_abstraction_bm.c.obj)
                0x0000000000003976                OSA_TimeDelay
 .text.OSA_EnterCritical
                0x000000000000399c        0xc ../../../../lib/ksdk_platform_lib/armgcc/KL03Z4/release/libksdk_platform.a(fsl_os_abstraction_bm.c.obj)
                0x000000000000399c                OSA_EnterCritical
 .text.OSA_ExitCritical
                0x00000000000039a8        0xc ../../../../lib/ksdk_platform_lib/armgcc/KL03Z4/release/libksdk_platform.a(fsl_os_abstraction_bm.c.obj)
                0x00000000000039a8                OSA_ExitCritical
 .text.OSA_Init
                0x00000000000039b4       0x48 ../../../../lib/ksdk_platform_lib/armgcc/KL03Z4/release/libksdk_platform.a(fsl_os_abstraction_bm.c.obj)
                0x00000000000039b4                OSA_Init
 .text.CLOCK_SYS_Init
                0x00000000000039fc       0x18 ../../../../lib/ksdk_platform_lib/armgcc/KL03Z4/release/libksdk_platform.a(fsl_clock_manager.c.obj)
                0x00000000000039fc                CLOCK_SYS_Init
 .text.CLOCK_SYS_UpdateConfiguration
                0x0000000000003a14       0xfc ../../../../lib/ksdk_platform_lib/armgcc/KL03Z4/release/libksdk_platform.a(fsl_clock_manager.c.obj)
                0x0000000000003a14                CLOCK_SYS_UpdateConfiguration
 .text.CLOCK_SYS_GetCurrentConfiguration
                0x0000000000003b10        0xc ../../../../lib/ksdk_platform_lib/armgcc/KL03Z4/release/libksdk_platform.a(fsl_clock_manager.c.obj)
                0x0000000000003b10                CLOCK_SYS_GetCurrentConfiguration
 .text.CLOCK_SYS_SetMcgliteMode
                0x0000000000003b1c       0x84 ../../../../lib/ksdk_platform_lib/armgcc/KL03Z4/release/libksdk_platform.a(fsl_clock_manager.c.obj)
                0x0000000000003b1c                CLOCK_SYS_SetMcgliteMode
 .text.SIM_HAL_DisableClock.constprop.0
                0x0000000000003ba0       0x24 ../../../../lib/ksdk_platform_lib/armgcc/KL03Z4/release/libksdk_platform.a(fsl_clock_MKL03Z4.c.obj)
 .text.SIM_HAL_EnableClock.constprop.0
                0x0000000000003bc4       0x28 ../../../../lib/ksdk_platform_lib/armgcc/KL03Z4/release/libksdk_platform.a(fsl_clock_MKL03Z4.c.obj)
 .text.CLOCK_SYS_SetConfiguration
                0x0000000000003bec       0x58 ../../../../lib/ksdk_platform_lib/armgcc/KL03Z4/release/libksdk_platform.a(fsl_clock_MKL03Z4.c.obj)
                0x0000000000003bec                CLOCK_SYS_SetConfiguration
 .text.CLOCK_SYS_GetCoreClockFreq
                0x0000000000003c44       0x20 ../../../../lib/ksdk_platform_lib/armgcc/KL03Z4/release/libksdk_platform.a(fsl_clock_MKL03Z4.c.obj)
                0x0000000000003c44                CLOCK_SYS_GetCoreClockFreq
 .text.CLOCK_SYS_GetSystemClockFreq
                0x0000000000003c64        0x8 ../../../../lib/ksdk_platform_lib/armgcc/KL03Z4/release/libksdk_platform.a(fsl_clock_MKL03Z4.c.obj)
                0x0000000000003c64                CLOCK_SYS_GetSystemClockFreq
 .text.CLOCK_SYS_GetBusClockFreq
                0x0000000000003c6c       0x20 ../../../../lib/ksdk_platform_lib/armgcc/KL03Z4/release/libksdk_platform.a(fsl_clock_MKL03Z4.c.obj)
                0x0000000000003c6c                CLOCK_SYS_GetBusClockFreq
 .text.CLOCK_SYS_GetFlashClockFreq
                0x0000000000003c8c        0x8 ../../../../lib/ksdk_platform_lib/armgcc/KL03Z4/release/libksdk_platform.a(fsl_clock_MKL03Z4.c.obj)
                0x0000000000003c8c                CLOCK_SYS_GetFlashClockFreq
 .text.CLOCK_SYS_GetExternalRefClock32kFreq
                0x0000000000003c94       0x3c ../../../../lib/ksdk_platform_lib/armgcc/KL03Z4/release/libksdk_platform.a(fsl_clock_MKL03Z4.c.obj)
                0x0000000000003c94                CLOCK_SYS_GetExternalRefClock32kFreq
 .text.CLOCK_SYS_GetRtcFreq
                0x0000000000003cd0        0x8 ../../../../lib/ksdk_platform_lib/armgcc/KL03Z4/release/libksdk_platform.a(fsl_clock_MKL03Z4.c.obj)
                0x0000000000003cd0                CLOCK_SYS_GetRtcFreq
 .text.CLOCK_SYS_GetOsc0ExternalRefClockFreq
                0x0000000000003cd8       0x20 ../../../../lib/ksdk_platform_lib/armgcc/KL03Z4/release/libksdk_platform.a(fsl_clock_MKL03Z4.c.obj)
                0x0000000000003cd8                CLOCK_SYS_GetOsc0ExternalRefClockFreq
 .text.CLOCK_SYS_GetTpmFreq
                0x0000000000003cf8       0x40 ../../../../lib/ksdk_platform_lib/armgcc/KL03Z4/release/libksdk_platform.a(fsl_clock_MKL03Z4.c.obj)
                0x0000000000003cf8                CLOCK_SYS_GetTpmFreq
 .text.CLOCK_SYS_GetTpmExternalFreq
                0x0000000000003d38       0x20 ../../../../lib/ksdk_platform_lib/armgcc/KL03Z4/release/libksdk_platform.a(fsl_clock_MKL03Z4.c.obj)
                0x0000000000003d38                CLOCK_SYS_GetTpmExternalFreq
 .text.CLOCK_SYS_EnablePortClock
                0x0000000000003d58       0x10 ../../../../lib/ksdk_platform_lib/armgcc/KL03Z4/release/libksdk_platform.a(fsl_clock_MKL03Z4.c.obj)
                0x0000000000003d58                CLOCK_SYS_EnablePortClock
 .text.CLOCK_SYS_EnableSpiClock
                0x0000000000003d68        0xa ../../../../lib/ksdk_platform_lib/armgcc/KL03Z4/release/libksdk_platform.a(fsl_clock_MKL03Z4.c.obj)
                0x0000000000003d68                CLOCK_SYS_EnableSpiClock
 .text.CLOCK_SYS_DisableSpiClock
                0x0000000000003d72        0xa ../../../../lib/ksdk_platform_lib/armgcc/KL03Z4/release/libksdk_platform.a(fsl_clock_MKL03Z4.c.obj)
                0x0000000000003d72                CLOCK_SYS_DisableSpiClock
 .text.CLOCK_SYS_EnableI2cClock
                0x0000000000003d7c        0xa ../../../../lib/ksdk_platform_lib/armgcc/KL03Z4/release/libksdk_platform.a(fsl_clock_MKL03Z4.c.obj)
                0x0000000000003d7c                CLOCK_SYS_EnableI2cClock
 .text.CLOCK_SYS_DisableI2cClock
                0x0000000000003d86        0xa ../../../../lib/ksdk_platform_lib/armgcc/KL03Z4/release/libksdk_platform.a(fsl_clock_MKL03Z4.c.obj)
                0x0000000000003d86                CLOCK_SYS_DisableI2cClock
 .text.CLOCK_SYS_EnableTpmClock
                0x0000000000003d90       0x10 ../../../../lib/ksdk_platform_lib/armgcc/KL03Z4/release/libksdk_platform.a(fsl_clock_MKL03Z4.c.obj)
                0x0000000000003d90                CLOCK_SYS_EnableTpmClock
 .text.INT_SYS_EnableIRQGlobal
                0x0000000000003da0       0x18 ../../../../lib/ksdk_platform_lib/armgcc/KL03Z4/release/libksdk_platform.a(fsl_interrupt_manager.c.obj)
                0x0000000000003da0                INT_SYS_EnableIRQGlobal
 .text.INT_SYS_DisableIRQGlobal
                0x0000000000003db8       0x10 ../../../../lib/ksdk_platform_lib/armgcc/KL03Z4/release/libksdk_platform.a(fsl_interrupt_manager.c.obj)
                0x0000000000003db8                INT_SYS_DisableIRQGlobal
 .text.POWER_SYS_WaitForVlprStatus
                0x0000000000003dc8       0x24 ../../../../lib/ksdk_platform_lib/armgcc/KL03Z4/release/libksdk_platform.a(fsl_power_manager.c.obj)
 .text.POWER_SYS_WaitForRunStatus
                0x0000000000003dec       0x3c ../../../../lib/ksdk_platform_lib/armgcc/KL03Z4/release/libksdk_platform.a(fsl_power_manager.c.obj)
 .text.POWER_SYS_Init
                0x0000000000003e28       0x44 ../../../../lib/ksdk_platform_lib/armgcc/KL03Z4/release/libksdk_platform.a(fsl_power_manager.c.obj)
                0x0000000000003e28                POWER_SYS_Init
 .text.POWER_SYS_SetMode
                0x0000000000003e6c      0x2e8 ../../../../lib/ksdk_platform_lib/armgcc/KL03Z4/release/libksdk_platform.a(fsl_power_manager.c.obj)
                0x0000000000003e6c                POWER_SYS_SetMode
 .text.POWER_SYS_GetCurrentMode
                0x0000000000004154       0x20 ../../../../lib/ksdk_platform_lib/armgcc/KL03Z4/release/libksdk_platform.a(fsl_power_manager.c.obj)
                0x0000000000004154                POWER_SYS_GetCurrentMode
 .text.GPIO_DRV_InputPinInit
                0x0000000000004174       0x90 ../../../../lib/ksdk_platform_lib/armgcc/KL03Z4/release/libksdk_platform.a(fsl_gpio_driver.c.obj)
                0x0000000000004174                GPIO_DRV_InputPinInit
 .text.GPIO_DRV_OutputPinInit
                0x0000000000004204       0x58 ../../../../lib/ksdk_platform_lib/armgcc/KL03Z4/release/libksdk_platform.a(fsl_gpio_driver.c.obj)
                0x0000000000004204                GPIO_DRV_OutputPinInit
 .text.GPIO_DRV_Init
                0x000000000000425c       0x34 ../../../../lib/ksdk_platform_lib/armgcc/KL03Z4/release/libksdk_platform.a(fsl_gpio_driver.c.obj)
                0x000000000000425c                GPIO_DRV_Init
 .text.GPIO_DRV_GetPinDir
                0x0000000000004290       0x20 ../../../../lib/ksdk_platform_lib/armgcc/KL03Z4/release/libksdk_platform.a(fsl_gpio_driver.c.obj)
                0x0000000000004290                GPIO_DRV_GetPinDir
 .text.GPIO_DRV_SetPinOutput
                0x00000000000042b0       0x1c ../../../../lib/ksdk_platform_lib/armgcc/KL03Z4/release/libksdk_platform.a(fsl_gpio_driver.c.obj)
                0x00000000000042b0                GPIO_DRV_SetPinOutput
 .text.GPIO_DRV_ClearPinOutput
                0x00000000000042cc       0x1c ../../../../lib/ksdk_platform_lib/armgcc/KL03Z4/release/libksdk_platform.a(fsl_gpio_driver.c.obj)
                0x00000000000042cc                GPIO_DRV_ClearPinOutput
 .text.GPIO_DRV_ReadPinInput
                0x00000000000042e8       0x20 ../../../../lib/ksdk_platform_lib/armgcc/KL03Z4/release/libksdk_platform.a(fsl_gpio_driver.c.obj)
                0x00000000000042e8                GPIO_DRV_ReadPinInput
 .text.I2C_DRV_IRQHandler
                0x0000000000004308       0x28 ../../../../lib/ksdk_platform_lib/armgcc/KL03Z4/release/libksdk_platform.a(fsl_i2c_shared_function.c.obj)
                0x0000000000004308                I2C_DRV_IRQHandler
 .text.I2C_HAL_WriteByte
                0x0000000000004330       0x14 ../../../../lib/ksdk_platform_lib/armgcc/KL03Z4/release/libksdk_platform.a(fsl_i2c_master_driver.c.obj)
 .text.I2C_DRV_MasterWait
                0x0000000000004344       0x2c ../../../../lib/ksdk_platform_lib/armgcc/KL03Z4/release/libksdk_platform.a(fsl_i2c_master_driver.c.obj)
 .text.I2C_DRV_CompleteTransfer
                0x0000000000004370       0x4c ../../../../lib/ksdk_platform_lib/armgcc/KL03Z4/release/libksdk_platform.a(fsl_i2c_master_driver.c.obj)
 .text.I2C_DRV_SendAddress.isra.0
                0x00000000000043bc       0xe8 ../../../../lib/ksdk_platform_lib/armgcc/KL03Z4/release/libksdk_platform.a(fsl_i2c_master_driver.c.obj)
 .text.I2C_DRV_MasterInit
                0x00000000000044a4       0x78 ../../../../lib/ksdk_platform_lib/armgcc/KL03Z4/release/libksdk_platform.a(fsl_i2c_master_driver.c.obj)
                0x00000000000044a4                I2C_DRV_MasterInit
 .text.I2C_DRV_MasterDeinit
                0x000000000000451c       0x4c ../../../../lib/ksdk_platform_lib/armgcc/KL03Z4/release/libksdk_platform.a(fsl_i2c_master_driver.c.obj)
                0x000000000000451c                I2C_DRV_MasterDeinit
 .text.I2C_DRV_MasterSetBaudRate
                0x0000000000004568       0x34 ../../../../lib/ksdk_platform_lib/armgcc/KL03Z4/release/libksdk_platform.a(fsl_i2c_master_driver.c.obj)
                0x0000000000004568                I2C_DRV_MasterSetBaudRate
 .text.I2C_DRV_MasterSend
                0x000000000000459c       0xe0 ../../../../lib/ksdk_platform_lib/armgcc/KL03Z4/release/libksdk_platform.a(fsl_i2c_master_driver.c.obj)
 .text.I2C_DRV_MasterReceive
                0x000000000000467c       0xf0 ../../../../lib/ksdk_platform_lib/armgcc/KL03Z4/release/libksdk_platform.a(fsl_i2c_master_driver.c.obj)
 .text.I2C_DRV_MasterSendDataBlocking
                0x000000000000476c       0x1a ../../../../lib/ksdk_platform_lib/armgcc/KL03Z4/release/libksdk_platform.a(fsl_i2c_master_driver.c.obj)
                0x000000000000476c                I2C_DRV_MasterSendDataBlocking
 .text.I2C_DRV_MasterReceiveDataBlocking
                0x0000000000004786       0x1a ../../../../lib/ksdk_platform_lib/armgcc/KL03Z4/release/libksdk_platform.a(fsl_i2c_master_driver.c.obj)
                0x0000000000004786                I2C_DRV_MasterReceiveDataBlocking
 .text.I2C_DRV_MasterIRQHandler
                0x00000000000047a0       0x9c ../../../../lib/ksdk_platform_lib/armgcc/KL03Z4/release/libksdk_platform.a(fsl_i2c_master_driver.c.obj)
                0x00000000000047a0                I2C_DRV_MasterIRQHandler
 .text.I2C_HAL_ClearInt
                0x000000000000483c        0xe ../../../../lib/ksdk_platform_lib/armgcc/KL03Z4/release/libksdk_platform.a(fsl_i2c_slave_driver.c.obj)
 *fill*         0x000000000000484a        0x2 
 .text.I2C_DRV_SlaveIRQHandler
                0x000000000000484c      0x250 ../../../../lib/ksdk_platform_lib/armgcc/KL03Z4/release/libksdk_platform.a(fsl_i2c_slave_driver.c.obj)
                0x000000000000484c                I2C_DRV_SlaveIRQHandler
 .text.CLOCK_HAL_GetLircClk
                0x0000000000004a9c       0x34 ../../../../lib/ksdk_platform_lib/armgcc/KL03Z4/release/libksdk_platform.a(fsl_mcglite_hal.c.obj)
                0x0000000000004a9c                CLOCK_HAL_GetLircClk
 .text.CLOCK_HAL_GetInternalRefClk
                0x0000000000004ad0       0x2c ../../../../lib/ksdk_platform_lib/armgcc/KL03Z4/release/libksdk_platform.a(fsl_mcglite_hal.c.obj)
                0x0000000000004ad0                CLOCK_HAL_GetInternalRefClk
 .text.CLOCK_HAL_GetOutClk
                0x0000000000004afc       0x48 ../../../../lib/ksdk_platform_lib/armgcc/KL03Z4/release/libksdk_platform.a(fsl_mcglite_hal.c.obj)
                0x0000000000004afc                CLOCK_HAL_GetOutClk
 .text.CLOCK_HAL_GetMode
                0x0000000000004b44       0x38 ../../../../lib/ksdk_platform_lib/armgcc/KL03Z4/release/libksdk_platform.a(fsl_mcglite_hal_modes.c.obj)
                0x0000000000004b44                CLOCK_HAL_GetMode
 .text.CLOCK_HAL_SetHircMode
                0x0000000000004b7c       0x38 ../../../../lib/ksdk_platform_lib/armgcc/KL03Z4/release/libksdk_platform.a(fsl_mcglite_hal_modes.c.obj)
                0x0000000000004b7c                CLOCK_HAL_SetHircMode
 .text.CLOCK_HAL_SetLircMode
                0x0000000000004bb4       0x84 ../../../../lib/ksdk_platform_lib/armgcc/KL03Z4/release/libksdk_platform.a(fsl_mcglite_hal_modes.c.obj)
                0x0000000000004bb4                CLOCK_HAL_SetLircMode
 .text.CLOCK_HAL_SetExtMode
                0x0000000000004c38       0x38 ../../../../lib/ksdk_platform_lib/armgcc/KL03Z4/release/libksdk_platform.a(fsl_mcglite_hal_modes.c.obj)
                0x0000000000004c38                CLOCK_HAL_SetExtMode
 .text.OSC_HAL_SetExternalRefClkCmd
                0x0000000000004c70        0xe ../../../../lib/ksdk_platform_lib/armgcc/KL03Z4/release/libksdk_platform.a(fsl_osc_hal.c.obj)
                0x0000000000004c70                OSC_HAL_SetExternalRefClkCmd
 .text.OSC_HAL_GetExternalRefClkCmd
                0x0000000000004c7e       0x10 ../../../../lib/ksdk_platform_lib/armgcc/KL03Z4/release/libksdk_platform.a(fsl_osc_hal.c.obj)
                0x0000000000004c7e                OSC_HAL_GetExternalRefClkCmd
 .text.OSC_HAL_SetExternalRefClkInStopModeCmd
                0x0000000000004c8e        0xe ../../../../lib/ksdk_platform_lib/armgcc/KL03Z4/release/libksdk_platform.a(fsl_osc_hal.c.obj)
                0x0000000000004c8e                OSC_HAL_SetExternalRefClkInStopModeCmd
 .text.RTC_HAL_ConvertSecsToDatetime
                0x0000000000004c9c       0x9c ../../../../lib/ksdk_platform_lib/armgcc/KL03Z4/release/libksdk_platform.a(fsl_rtc_hal.c.obj)
                0x0000000000004c9c                RTC_HAL_ConvertSecsToDatetime
 .text.RTC_HAL_IsDatetimeCorrectFormat
                0x0000000000004d38       0x54 ../../../../lib/ksdk_platform_lib/armgcc/KL03Z4/release/libksdk_platform.a(fsl_rtc_hal.c.obj)
                0x0000000000004d38                RTC_HAL_IsDatetimeCorrectFormat
 .text.RTC_HAL_ConvertDatetimeToSecs
                0x0000000000004d8c       0x5c ../../../../lib/ksdk_platform_lib/armgcc/KL03Z4/release/libksdk_platform.a(fsl_rtc_hal.c.obj)
                0x0000000000004d8c                RTC_HAL_ConvertDatetimeToSecs
 .text.RTC_HAL_Enable
                0x0000000000004de8       0x28 ../../../../lib/ksdk_platform_lib/armgcc/KL03Z4/release/libksdk_platform.a(fsl_rtc_hal.c.obj)
                0x0000000000004de8                RTC_HAL_Enable
 .text.RTC_HAL_Init
                0x0000000000004e10       0x38 ../../../../lib/ksdk_platform_lib/armgcc/KL03Z4/release/libksdk_platform.a(fsl_rtc_hal.c.obj)
                0x0000000000004e10                RTC_HAL_Init
 .text.RTC_HAL_SetDatetimeInsecs
                0x0000000000004e48       0x18 ../../../../lib/ksdk_platform_lib/armgcc/KL03Z4/release/libksdk_platform.a(fsl_rtc_hal.c.obj)
                0x0000000000004e48                RTC_HAL_SetDatetimeInsecs
 .text.RTC_HAL_GetDatetimeInSecs
                0x0000000000004e60        0x6 ../../../../lib/ksdk_platform_lib/armgcc/KL03Z4/release/libksdk_platform.a(fsl_rtc_hal.c.obj)
                0x0000000000004e60                RTC_HAL_GetDatetimeInSecs
 *fill*         0x0000000000004e66        0x2 
 .text.RTC_DRV_Init
                0x0000000000004e68       0x58 ../../../../lib/ksdk_platform_lib/armgcc/KL03Z4/release/libksdk_platform.a(fsl_rtc_driver.c.obj)
                0x0000000000004e68                RTC_DRV_Init
 .text.RTC_DRV_SetDatetime
                0x0000000000004ec0       0x50 ../../../../lib/ksdk_platform_lib/armgcc/KL03Z4/release/libksdk_platform.a(fsl_rtc_driver.c.obj)
                0x0000000000004ec0                RTC_DRV_SetDatetime
 .text.RTC_DRV_GetDatetime
                0x0000000000004f10       0x58 ../../../../lib/ksdk_platform_lib/armgcc/KL03Z4/release/libksdk_platform.a(fsl_rtc_driver.c.obj)
                0x0000000000004f10                RTC_DRV_GetDatetime
 .text.RTC_DRV_SetAlarm
                0x0000000000004f68       0x6c ../../../../lib/ksdk_platform_lib/armgcc/KL03Z4/release/libksdk_platform.a(fsl_rtc_driver.c.obj)
                0x0000000000004f68                RTC_DRV_SetAlarm
 .text.RTC_DRV_SetAlarmIntCmd
                0x0000000000004fd4       0x18 ../../../../lib/ksdk_platform_lib/armgcc/KL03Z4/release/libksdk_platform.a(fsl_rtc_driver.c.obj)
                0x0000000000004fd4                RTC_DRV_SetAlarmIntCmd
 .text.RTC_DRV_IsAlarmPending
                0x0000000000004fec       0x1c ../../../../lib/ksdk_platform_lib/armgcc/KL03Z4/release/libksdk_platform.a(fsl_rtc_driver.c.obj)
                0x0000000000004fec                RTC_DRV_IsAlarmPending
 .text.CLOCK_HAL_SetOutDiv
                0x0000000000005008       0x1c ../../../../lib/ksdk_platform_lib/armgcc/KL03Z4/release/libksdk_platform.a(fsl_sim_hal_MKL03Z4.c.obj)
                0x0000000000005008                CLOCK_HAL_SetOutDiv
 .text.SIM_HAL_SetTpmExternalClkPinSelMode
                0x0000000000005024       0x2c ../../../../lib/ksdk_platform_lib/armgcc/KL03Z4/release/libksdk_platform.a(fsl_sim_hal_MKL03Z4.c.obj)
                0x0000000000005024                SIM_HAL_SetTpmExternalClkPinSelMode
 .text.SIM_HAL_GetTpmExternalClkPinSelMode
                0x0000000000005050       0x28 ../../../../lib/ksdk_platform_lib/armgcc/KL03Z4/release/libksdk_platform.a(fsl_sim_hal_MKL03Z4.c.obj)
                0x0000000000005050                SIM_HAL_GetTpmExternalClkPinSelMode
 .text.SPI_DRV_IRQHandler
                0x0000000000005078       0x28 ../../../../lib/ksdk_platform_lib/armgcc/KL03Z4/release/libksdk_platform.a(fsl_spi_shared_function.c.obj)
                0x0000000000005078                SPI_DRV_IRQHandler
 .text.SPI_DRV_MasterCompleteTransfer
                0x00000000000050a0       0x3c ../../../../lib/ksdk_platform_lib/armgcc/KL03Z4/release/libksdk_platform.a(fsl_spi_master_driver.c.obj)
 .text.SPI_DRV_MasterInit
                0x00000000000050dc       0x84 ../../../../lib/ksdk_platform_lib/armgcc/KL03Z4/release/libksdk_platform.a(fsl_spi_master_driver.c.obj)
                0x00000000000050dc                SPI_DRV_MasterInit
 .text.SPI_DRV_MasterDeinit
                0x0000000000005160       0x48 ../../../../lib/ksdk_platform_lib/armgcc/KL03Z4/release/libksdk_platform.a(fsl_spi_master_driver.c.obj)
                0x0000000000005160                SPI_DRV_MasterDeinit
 .text.SPI_DRV_MasterConfigureBus
                0x00000000000051a8       0x34 ../../../../lib/ksdk_platform_lib/armgcc/KL03Z4/release/libksdk_platform.a(fsl_spi_master_driver.c.obj)
                0x00000000000051a8                SPI_DRV_MasterConfigureBus
 .text.SPI_DRV_MasterStartTransfer
                0x00000000000051dc       0x84 ../../../../lib/ksdk_platform_lib/armgcc/KL03Z4/release/libksdk_platform.a(fsl_spi_master_driver.c.obj)
 .text.SPI_DRV_MasterTransferBlocking
                0x0000000000005260       0x58 ../../../../lib/ksdk_platform_lib/armgcc/KL03Z4/release/libksdk_platform.a(fsl_spi_master_driver.c.obj)
                0x0000000000005260                SPI_DRV_MasterTransferBlocking
 .text.SPI_DRV_MasterIRQHandler
                0x00000000000052b8       0x84 ../../../../lib/ksdk_platform_lib/armgcc/KL03Z4/release/libksdk_platform.a(fsl_spi_master_driver.c.obj)
                0x00000000000052b8                SPI_DRV_MasterIRQHandler
 .text.SPI_DRV_SlaveCompleteTransfer
                0x000000000000533c       0x4c ../../../../lib/ksdk_platform_lib/armgcc/KL03Z4/release/libksdk_platform.a(fsl_spi_slave_driver.c.obj)
 .text.SPI_DRV_SlaveIRQHandler
                0x0000000000005388       0xa0 ../../../../lib/ksdk_platform_lib/armgcc/KL03Z4/release/libksdk_platform.a(fsl_spi_slave_driver.c.obj)
                0x0000000000005388                SPI_DRV_SlaveIRQHandler
 .text.SMC_HAL_GetProtectionMode
                0x0000000000005428       0x20 ../../../../lib/ksdk_platform_lib/armgcc/KL03Z4/release/libksdk_platform.a(fsl_smc_hal.c.obj)
                0x0000000000005428                SMC_HAL_GetProtectionMode
 .text.SMC_HAL_SetRunMode
                0x0000000000005448       0x14 ../../../../lib/ksdk_platform_lib/armgcc/KL03Z4/release/libksdk_platform.a(fsl_smc_hal.c.obj)
                0x0000000000005448                SMC_HAL_SetRunMode
 .text.SMC_HAL_SetPorMode
                0x000000000000545c       0x10 ../../../../lib/ksdk_platform_lib/armgcc/KL03Z4/release/libksdk_platform.a(fsl_smc_hal.c.obj)
                0x000000000000545c                SMC_HAL_SetPorMode
 .text.SMC_HAL_SetPstopMode
                0x000000000000546c       0x14 ../../../../lib/ksdk_platform_lib/armgcc/KL03Z4/release/libksdk_platform.a(fsl_smc_hal.c.obj)
                0x000000000000546c                SMC_HAL_SetPstopMode
 .text.SMC_HAL_SetLpoMode
                0x0000000000005480       0x10 ../../../../lib/ksdk_platform_lib/armgcc/KL03Z4/release/libksdk_platform.a(fsl_smc_hal.c.obj)
                0x0000000000005480                SMC_HAL_SetLpoMode
 .text.SMC_HAL_SetMode
                0x0000000000005490       0xf0 ../../../../lib/ksdk_platform_lib/armgcc/KL03Z4/release/libksdk_platform.a(fsl_smc_hal.c.obj)
                0x0000000000005490                SMC_HAL_SetMode
 .text.SMC_HAL_GetStat
                0x0000000000005580       0x10 ../../../../lib/ksdk_platform_lib/armgcc/KL03Z4/release/libksdk_platform.a(fsl_smc_hal.c.obj)
                0x0000000000005580                SMC_HAL_GetStat
 .text.TPM_HAL_SetMod
                0x0000000000005590       0x18 ../../../../lib/ksdk_platform_lib/armgcc/KL03Z4/release/libksdk_platform.a(fsl_tpm_driver.c.obj)
 .text.TPM_DRV_Init
                0x00000000000055a8       0x94 ../../../../lib/ksdk_platform_lib/armgcc/KL03Z4/release/libksdk_platform.a(fsl_tpm_driver.c.obj)
                0x00000000000055a8                TPM_DRV_Init
 .text.TPM_DRV_SetClock
                0x000000000000563c       0x54 ../../../../lib/ksdk_platform_lib/armgcc/KL03Z4/release/libksdk_platform.a(fsl_tpm_driver.c.obj)
                0x000000000000563c                TPM_DRV_SetClock
 .text.TPM_DRV_GetClock
                0x0000000000005690       0x44 ../../../../lib/ksdk_platform_lib/armgcc/KL03Z4/release/libksdk_platform.a(fsl_tpm_driver.c.obj)
                0x0000000000005690                TPM_DRV_GetClock
 .text.TPM_DRV_PwmStop
                0x00000000000056d4       0x20 ../../../../lib/ksdk_platform_lib/armgcc/KL03Z4/release/libksdk_platform.a(fsl_tpm_driver.c.obj)
                0x00000000000056d4                TPM_DRV_PwmStop
 .text.TPM_DRV_PwmStart
                0x00000000000056f4       0xb8 ../../../../lib/ksdk_platform_lib/armgcc/KL03Z4/release/libksdk_platform.a(fsl_tpm_driver.c.obj)
                0x00000000000056f4                TPM_DRV_PwmStart
 .text.GPIO_HAL_SetPinDir
                0x00000000000057ac       0x1e ../../../../lib/ksdk_platform_lib/armgcc/KL03Z4/release/libksdk_platform.a(fsl_gpio_hal.c.obj)
                0x00000000000057ac                GPIO_HAL_SetPinDir
 .text.GPIO_HAL_WritePinOutput
                0x00000000000057ca       0x10 ../../../../lib/ksdk_platform_lib/armgcc/KL03Z4/release/libksdk_platform.a(fsl_gpio_hal.c.obj)
                0x00000000000057ca                GPIO_HAL_WritePinOutput
 .text.I2C_HAL_Init
                0x00000000000057da       0x1c ../../../../lib/ksdk_platform_lib/armgcc/KL03Z4/release/libksdk_platform.a(fsl_i2c_hal.c.obj)
                0x00000000000057da                I2C_HAL_Init
 *fill*         0x00000000000057f6        0x2 
 .text.I2C_HAL_SetBaudRate
                0x00000000000057f8       0x8c ../../../../lib/ksdk_platform_lib/armgcc/KL03Z4/release/libksdk_platform.a(fsl_i2c_hal.c.obj)
                0x00000000000057f8                I2C_HAL_SetBaudRate
 .text.I2C_HAL_SendStart
                0x0000000000005884       0x24 ../../../../lib/ksdk_platform_lib/armgcc/KL03Z4/release/libksdk_platform.a(fsl_i2c_hal.c.obj)
                0x0000000000005884                I2C_HAL_SendStart
 .text.I2C_HAL_SendStop
                0x00000000000058a8       0x42 ../../../../lib/ksdk_platform_lib/armgcc/KL03Z4/release/libksdk_platform.a(fsl_i2c_hal.c.obj)
                0x00000000000058a8                I2C_HAL_SendStop
 .text.SPI_HAL_Init
                0x00000000000058ea        0xe ../../../../lib/ksdk_platform_lib/armgcc/KL03Z4/release/libksdk_platform.a(fsl_spi_hal.c.obj)
                0x00000000000058ea                SPI_HAL_Init
 .text.SPI_HAL_SetBaud
                0x00000000000058f8       0x6e ../../../../lib/ksdk_platform_lib/armgcc/KL03Z4/release/libksdk_platform.a(fsl_spi_hal.c.obj)
                0x00000000000058f8                SPI_HAL_SetBaud
 .text.SPI_HAL_SetSlaveSelectOutputMode
                0x0000000000005966       0x24 ../../../../lib/ksdk_platform_lib/armgcc/KL03Z4/release/libksdk_platform.a(fsl_spi_hal.c.obj)
                0x0000000000005966                SPI_HAL_SetSlaveSelectOutputMode
 .text.SPI_HAL_SetDataFormat
                0x000000000000598a       0x26 ../../../../lib/ksdk_platform_lib/armgcc/KL03Z4/release/libksdk_platform.a(fsl_spi_hal.c.obj)
                0x000000000000598a                SPI_HAL_SetDataFormat
 .text.SPI_HAL_SetPinMode
                0x00000000000059b0       0x1e ../../../../lib/ksdk_platform_lib/armgcc/KL03Z4/release/libksdk_platform.a(fsl_spi_hal.c.obj)
                0x00000000000059b0                SPI_HAL_SetPinMode
 .text.TPM_HAL_EnablePwmMode
                0x00000000000059ce       0x4e ../../../../lib/ksdk_platform_lib/armgcc/KL03Z4/release/libksdk_platform.a(fsl_tpm_hal.c.obj)
                0x00000000000059ce                TPM_HAL_EnablePwmMode
 .text.TPM_HAL_DisableChn
                0x0000000000005a1c       0x28 ../../../../lib/ksdk_platform_lib/armgcc/KL03Z4/release/libksdk_platform.a(fsl_tpm_hal.c.obj)
                0x0000000000005a1c                TPM_HAL_DisableChn
 .text.TPM_HAL_Reset
                0x0000000000005a44       0x48 ../../../../lib/ksdk_platform_lib/armgcc/KL03Z4/release/libksdk_platform.a(fsl_tpm_hal.c.obj)
                0x0000000000005a44                TPM_HAL_Reset
 .text.exit     0x0000000000005a8c       0x2c /Users/kevin/gcc-arm-none-eabi-9-2019-q4-major/bin/../lib/gcc/arm-none-eabi/9.2.1/../../../../arm-none-eabi/lib/thumb/v6-m/nofp/libc_nano.a(lib_a-exit.o)
                0x0000000000005a8c                exit
 .text.__libc_init_array
                0x0000000000005ab8       0x48 /Users/kevin/gcc-arm-none-eabi-9-2019-q4-major/bin/../lib/gcc/arm-none-eabi/9.2.1/../../../../arm-none-eabi/lib/thumb/v6-m/nofp/libc_nano.a(lib_a-init.o)
                0x0000000000005ab8                __libc_init_array
 .text.memcpy   0x0000000000005b00       0x12 /Users/kevin/gcc-arm-none-eabi-9-2019-q4-major/bin/../lib/gcc/arm-none-eabi/9.2.1/../../../../arm-none-eabi/lib/thumb/v6-m/nofp/libc_nano.a(lib_a-memcpy-stub.o)
                0x0000000000005b00                memcpy
 .text.memset   0x0000000000005b12       0x10 /Users/kevin/gcc-arm-none-eabi-9-2019-q4-major/bin/../lib/gcc/arm-none-eabi/9.2.1/../../../../arm-none-eabi/lib/thumb/v6-m/nofp/libc_nano.a(lib_a-memset.o)
                0x0000000000005b12                memset
 .text.strcpy   0x0000000000005b22       0x10 /Users/kevin/gcc-arm-none-eabi-9-2019-q4-major/bin/../lib/gcc/arm-none-eabi/9.2.1/../../../../arm-none-eabi/lib/thumb/v6-m/nofp/libc_nano.a(lib_a-strcpy.o)
                0x0000000000005b22                strcpy
 *fill*         0x0000000000005b32        0x2 
 .text._exit    0x0000000000005b34        0x4 /Users/kevin/gcc-arm-none-eabi-9-2019-q4-major/bin/../lib/gcc/arm-none-eabi/9.2.1/../../../../arm-none-eabi/lib/thumb/v6-m/nofp/libnosys.a(_exit.o)
                0x0000000000005b34                _exit
 *(.rodata)
 .rodata        0x0000000000005b38       0x40 /Users/kevin/gcc-arm-none-eabi-9-2019-q4-major/bin/../lib/gcc/arm-none-eabi/9.2.1/thumb/v6-m/nofp/libgcc.a(muldf3.o)
 *(.rodata*)
 .rodata.setTPS82740CommonControlLines.str1.1
                0x0000000000005b78       0x2d CMakeFiles/Warp.dir/Users/kevin/Github/Warp-firmware/build/ksdk1.1/work/demos/Warp/src/warp-kl03-ksdk1.1-boot.c.obj
 .rodata.enableSssupply.str1.1
                0x0000000000005ba5       0x38 CMakeFiles/Warp.dir/Users/kevin/Github/Warp-firmware/build/ksdk1.1/work/demos/Warp/src/warp-kl03-ksdk1.1-boot.c.obj
 .rodata.printAllSensors.str1.1
                0x0000000000005bdd       0xa7 CMakeFiles/Warp.dir/Users/kevin/Github/Warp-firmware/build/ksdk1.1/work/demos/Warp/src/warp-kl03-ksdk1.1-boot.c.obj
                                         0xaa (size before relaxing)
 .rodata.printOneSensor.str1.1
                0x0000000000005c84       0x3e CMakeFiles/Warp.dir/Users/kevin/Github/Warp-firmware/build/ksdk1.1/work/demos/Warp/src/warp-kl03-ksdk1.1-boot.c.obj
 .rodata.loopForSensor.str1.1
                0x0000000000005cc2       0xab CMakeFiles/Warp.dir/Users/kevin/Github/Warp-firmware/build/ksdk1.1/work/demos/Warp/src/warp-kl03-ksdk1.1-boot.c.obj
 .rodata.repeatRegisterReadForDeviceAndAddress.str1.1
                0x0000000000005d6d      0x332 CMakeFiles/Warp.dir/Users/kevin/Github/Warp-firmware/build/ksdk1.1/work/demos/Warp/src/warp-kl03-ksdk1.1-boot.c.obj
 .rodata.powerupAllSensors.str1.1
                0x000000000000609f       0x2c CMakeFiles/Warp.dir/Users/kevin/Github/Warp-firmware/build/ksdk1.1/work/demos/Warp/src/warp-kl03-ksdk1.1-boot.c.obj
 .rodata.activateAllLowPowerSensorModes.str1.1
                0x00000000000060cb       0x93 CMakeFiles/Warp.dir/Users/kevin/Github/Warp-firmware/build/ksdk1.1/work/demos/Warp/src/warp-kl03-ksdk1.1-boot.c.obj
 .rodata.main.str1.1
                0x000000000000615e     0x10a9 CMakeFiles/Warp.dir/Users/kevin/Github/Warp-firmware/build/ksdk1.1/work/demos/Warp/src/warp-kl03-ksdk1.1-boot.c.obj
 .rodata.readSensorRegisterMMA8451Q.str1.1
                0x0000000000007207        0x2 CMakeFiles/Warp.dir/Users/kevin/Github/Warp-firmware/build/ksdk1.1/work/demos/Warp/src/devMMA8451Q.c.obj
 .rodata.printSensorDataMMA8451Q.str1.1
                0x0000000000007209       0x17 CMakeFiles/Warp.dir/Users/kevin/Github/Warp-firmware/build/ksdk1.1/work/demos/Warp/src/devMMA8451Q.c.obj
                                         0x1c (size before relaxing)
 .rodata.writeSensorRegisterINA219.str1.1
                0x0000000000007220        0x2 CMakeFiles/Warp.dir/Users/kevin/Github/Warp-firmware/build/ksdk1.1/work/demos/Warp/src/devINA219.c.obj
 .rodata.printSensorDataINA219.str1.1
                0x0000000000007220        0x8 CMakeFiles/Warp.dir/Users/kevin/Github/Warp-firmware/build/ksdk1.1/work/demos/Warp/src/devINA219.c.obj
                                         0x14 (size before relaxing)
 .rodata.readSensorHCSR04.str1.1
                0x0000000000007228        0x8 CMakeFiles/Warp.dir/Users/kevin/Github/Warp-firmware/build/ksdk1.1/work/demos/Warp/src/devHCSR04.c.obj
                                          0x4 (size before relaxing)
 .rodata.printSensorDataHCSR04.str1.1
                0x0000000000007228       0x14 CMakeFiles/Warp.dir/Users/kevin/Github/Warp-firmware/build/ksdk1.1/work/demos/Warp/src/devHCSR04.c.obj
 .rodata.inputPin
                0x000000000000723c       0x10 CMakeFiles/Warp.dir/Users/kevin/Github/Warp-firmware/build/ksdk1.1/work/demos/Warp/src/devHCSR04.c.obj
                0x000000000000723c                inputPin
 .rodata.outputPin
                0x000000000000724c       0x18 CMakeFiles/Warp.dir/Users/kevin/Github/Warp-firmware/build/ksdk1.1/work/demos/Warp/src/devHCSR04.c.obj
                0x000000000000724c                outputPin
 .rodata.pwmstart.str1.1
                0x0000000000007264        0xc CMakeFiles/Warp.dir/Users/kevin/Github/Warp-firmware/build/ksdk1.1/work/demos/Warp/src/devHPA17F.c.obj
 .rodata.tpmConfig
                0x0000000000007270        0x6 CMakeFiles/Warp.dir/Users/kevin/Github/Warp-firmware/build/ksdk1.1/work/demos/Warp/src/devHPA17F.c.obj
                0x0000000000007270                tpmConfig
 .rodata._DoInit.str1.1
                0x0000000000007276       0x14 CMakeFiles/Warp.dir/Users/kevin/Github/Warp-firmware/build/ksdk1.1/work/demos/Warp/src/SEGGER_RTT.c.obj
 .rodata._aV2C.4408
                0x000000000000728a       0x10 CMakeFiles/Warp.dir/Users/kevin/Github/Warp-firmware/build/ksdk1.1/work/demos/Warp/src/SEGGER_RTT_printf.c.obj
 .rodata.portGateTable
                0x000000000000729a        0x2 ../../../../lib/ksdk_platform_lib/armgcc/KL03Z4/release/libksdk_platform.a(fsl_clock_MKL03Z4.c.obj)
 .rodata.tpmGateTable
                0x000000000000729c        0x2 ../../../../lib/ksdk_platform_lib/armgcc/KL03Z4/release/libksdk_platform.a(fsl_clock_MKL03Z4.c.obj)
 *fill*         0x000000000000729e        0x2 
 .rodata.g_i2cBaseAddr
                0x00000000000072a0        0x4 ../../../../lib/ksdk_platform_lib/armgcc/KL03Z4/release/libksdk_platform.a(fsl_i2c_common.c.obj)
                0x00000000000072a0                g_i2cBaseAddr
 .rodata.g_i2cIrqId
                0x00000000000072a4        0x1 ../../../../lib/ksdk_platform_lib/armgcc/KL03Z4/release/libksdk_platform.a(fsl_i2c_common.c.obj)
                0x00000000000072a4                g_i2cIrqId
 .rodata.LY     0x00000000000072a5        0xd ../../../../lib/ksdk_platform_lib/armgcc/KL03Z4/release/libksdk_platform.a(fsl_rtc_hal.c.obj)
 .rodata.MONTH_DAYS
                0x00000000000072b2       0x1a ../../../../lib/ksdk_platform_lib/armgcc/KL03Z4/release/libksdk_platform.a(fsl_rtc_hal.c.obj)
 .rodata.ULY    0x00000000000072cc        0xd ../../../../lib/ksdk_platform_lib/armgcc/KL03Z4/release/libksdk_platform.a(fsl_rtc_hal.c.obj)
 *fill*         0x00000000000072d9        0x3 
 .rodata.g_rtcBaseAddr
                0x00000000000072dc        0x4 ../../../../lib/ksdk_platform_lib/armgcc/KL03Z4/release/libksdk_platform.a(fsl_rtc_common.c.obj)
                0x00000000000072dc                g_rtcBaseAddr
 .rodata.g_rtcIrqId
                0x00000000000072e0        0x1 ../../../../lib/ksdk_platform_lib/armgcc/KL03Z4/release/libksdk_platform.a(fsl_rtc_common.c.obj)
                0x00000000000072e0                g_rtcIrqId
 .rodata.g_rtcSecondsIrqId
                0x00000000000072e1        0x1 ../../../../lib/ksdk_platform_lib/armgcc/KL03Z4/release/libksdk_platform.a(fsl_rtc_common.c.obj)
                0x00000000000072e1                g_rtcSecondsIrqId
 *fill*         0x00000000000072e2        0x2 
 .rodata.g_spiBaseAddr
                0x00000000000072e4        0x4 ../../../../lib/ksdk_platform_lib/armgcc/KL03Z4/release/libksdk_platform.a(fsl_spi_common.c.obj)
                0x00000000000072e4                g_spiBaseAddr
 .rodata.g_spiIrqId
                0x00000000000072e8        0x1 ../../../../lib/ksdk_platform_lib/armgcc/KL03Z4/release/libksdk_platform.a(fsl_spi_common.c.obj)
                0x00000000000072e8                g_spiIrqId
 *fill*         0x00000000000072e9        0x3 
 .rodata.g_oscBaseAddr
                0x00000000000072ec        0x4 ../../../../lib/ksdk_platform_lib/armgcc/KL03Z4/release/libksdk_platform.a(fsl_clock_manager_common.c.obj)
                0x00000000000072ec                g_oscBaseAddr
 .rodata.g_gpioBaseAddr
                0x00000000000072f0        0x8 ../../../../lib/ksdk_platform_lib/armgcc/KL03Z4/release/libksdk_platform.a(fsl_gpio_common.c.obj)
                0x00000000000072f0                g_gpioBaseAddr
 .rodata.g_portBaseAddr
                0x00000000000072f8        0x8 ../../../../lib/ksdk_platform_lib/armgcc/KL03Z4/release/libksdk_platform.a(fsl_gpio_common.c.obj)
                0x00000000000072f8                g_portBaseAddr
 .rodata.g_portIrqId
                0x0000000000007300        0x2 ../../../../lib/ksdk_platform_lib/armgcc/KL03Z4/release/libksdk_platform.a(fsl_gpio_common.c.obj)
                0x0000000000007300                g_portIrqId
 .rodata.kI2CDividerTable
                0x0000000000007302       0xc8 ../../../../lib/ksdk_platform_lib/armgcc/KL03Z4/release/libksdk_platform.a(fsl_i2c_hal.c.obj)
                0x0000000000007302                kI2CDividerTable
 *fill*         0x00000000000073ca        0x2 
 .rodata.g_tpmBaseAddr
                0x00000000000073cc        0x8 ../../../../lib/ksdk_platform_lib/armgcc/KL03Z4/release/libksdk_platform.a(fsl_tpm_common.c.obj)
                0x00000000000073cc                g_tpmBaseAddr
 .rodata.g_tpmIrqId
                0x00000000000073d4        0x2 ../../../../lib/ksdk_platform_lib/armgcc/KL03Z4/release/libksdk_platform.a(fsl_tpm_common.c.obj)
                0x00000000000073d4                g_tpmIrqId
 *fill*         0x00000000000073d6        0x2 
 .rodata._global_impure_ptr
                0x00000000000073d8        0x4 /Users/kevin/gcc-arm-none-eabi-9-2019-q4-major/bin/../lib/gcc/arm-none-eabi/9.2.1/../../../../arm-none-eabi/lib/thumb/v6-m/nofp/libc_nano.a(lib_a-impure.o)
                0x00000000000073d8                _global_impure_ptr
 *(.glue_7)
 .glue_7        0x00000000000073dc        0x0 linker stubs
 *(.glue_7t)
 .glue_7t       0x00000000000073dc        0x0 linker stubs
 *(.eh_frame)
 .eh_frame      0x00000000000073dc        0x0 /Users/kevin/gcc-arm-none-eabi-9-2019-q4-major/bin/../lib/gcc/arm-none-eabi/9.2.1/thumb/v6-m/nofp/crtbegin.o
 *(.init)
 .init          0x00000000000073dc        0x4 /Users/kevin/gcc-arm-none-eabi-9-2019-q4-major/bin/../lib/gcc/arm-none-eabi/9.2.1/thumb/v6-m/nofp/crti.o
                0x00000000000073dc                _init
 .init          0x00000000000073e0        0x8 /Users/kevin/gcc-arm-none-eabi-9-2019-q4-major/bin/../lib/gcc/arm-none-eabi/9.2.1/thumb/v6-m/nofp/crtn.o
 *(.fini)
 .fini          0x00000000000073e8        0x4 /Users/kevin/gcc-arm-none-eabi-9-2019-q4-major/bin/../lib/gcc/arm-none-eabi/9.2.1/thumb/v6-m/nofp/crti.o
                0x00000000000073e8                _fini
 .fini          0x00000000000073ec        0x8 /Users/kevin/gcc-arm-none-eabi-9-2019-q4-major/bin/../lib/gcc/arm-none-eabi/9.2.1/thumb/v6-m/nofp/crtn.o
                0x00000000000073f4                . = ALIGN (0x4)

.vfp11_veneer   0x00000000000073f4        0x0
 .vfp11_veneer  0x00000000000073f4        0x0 linker stubs

.v4_bx          0x00000000000073f4        0x0
 .v4_bx         0x00000000000073f4        0x0 linker stubs

.iplt           0x00000000000073f4        0x0
 .iplt          0x00000000000073f4        0x0 /Users/kevin/gcc-arm-none-eabi-9-2019-q4-major/bin/../lib/gcc/arm-none-eabi/9.2.1/thumb/v6-m/nofp/crtbegin.o

.ARM.extab
 *(.ARM.extab* .gnu.linkonce.armextab.*)

.ARM            0x00000000000073f4        0x8
                0x00000000000073f4                __exidx_start = .
 *(.ARM.exidx*)
 .ARM.exidx     0x00000000000073f4        0x8 /Users/kevin/gcc-arm-none-eabi-9-2019-q4-major/bin/../lib/gcc/arm-none-eabi/9.2.1/../../../../arm-none-eabi/lib/thumb/v6-m/nofp/crt0.o
                0x00000000000073fc                __exidx_end = .

.rel.dyn        0x00000000000073fc        0x0
 .rel.iplt      0x00000000000073fc        0x0 /Users/kevin/gcc-arm-none-eabi-9-2019-q4-major/bin/../lib/gcc/arm-none-eabi/9.2.1/thumb/v6-m/nofp/crtbegin.o

.ctors          0x00000000000073fc        0x0
                0x00000000000073fc                __CTOR_LIST__ = .
 *crtbegin.o(.ctors)
 *crtbegin?.o(.ctors)
 *(EXCLUDE_FILE(*crtend.o *crtend?.o) .ctors)
 *(SORT_BY_NAME(.ctors.*))
 *(.ctors)
                0x00000000000073fc                __CTOR_END__ = .

.dtors          0x00000000000073fc        0x0
                0x00000000000073fc                __DTOR_LIST__ = .
 *crtbegin.o(.dtors)
 *crtbegin?.o(.dtors)
 *(EXCLUDE_FILE(*crtend.o *crtend?.o) .dtors)
 *(SORT_BY_NAME(.dtors.*))
 *(.dtors)
                0x00000000000073fc                __DTOR_END__ = .

.preinit_array  0x00000000000073fc        0x0
                0x00000000000073fc                PROVIDE (__preinit_array_start = .)
 *(.preinit_array*)
                0x00000000000073fc                PROVIDE (__preinit_array_end = .)

.init_array     0x00000000000073fc        0x4
                0x00000000000073fc                PROVIDE (__init_array_start = .)
 *(SORT_BY_NAME(.init_array.*))
 *(.init_array*)
 .init_array    0x00000000000073fc        0x4 /Users/kevin/gcc-arm-none-eabi-9-2019-q4-major/bin/../lib/gcc/arm-none-eabi/9.2.1/thumb/v6-m/nofp/crtbegin.o
                0x0000000000007400                PROVIDE (__init_array_end = .)

.fini_array     0x0000000000007400        0x4
                [!provide]                        PROVIDE (__fini_array_start = .)
 *(SORT_BY_NAME(.fini_array.*))
 *(.fini_array*)
 .fini_array    0x0000000000007400        0x4 /Users/kevin/gcc-arm-none-eabi-9-2019-q4-major/bin/../lib/gcc/arm-none-eabi/9.2.1/thumb/v6-m/nofp/crtbegin.o
                [!provide]                        PROVIDE (__fini_array_end = .)
                0x0000000000007404                __etext = .
                0x0000000000007404                __DATA_ROM = .

.mtb            0x000000001ffffe00        0x0
                0x000000001ffffe00                . = ALIGN (0x8)
                0x000000001ffffe00                _mtb_start = .
 *(.mtb_buf)
                0x000000001ffffe00                . = ALIGN (0x8)
                0x000000001ffffe00                _mtb_end = .

.interrupts_ram
                0x000000001ffffe00        0x0
                0x000000001ffffe00                . = ALIGN (0x4)
                0x000000001ffffe00                __VECTOR_RAM__ = .
                0x000000001ffffe00                __interrupts_ram_start__ = .
 *(.m_interrupts_ram)
                0x000000001ffffe00                . = (. + M_VECTOR_RAM_SIZE)
                0x000000001ffffe00                . = ALIGN (0x4)
                0x000000001ffffe00                __interrupts_ram_end__ = .
                0x0000000000000000                __VECTOR_RAM = DEFINED (__ram_vector_table__)?__VECTOR_RAM__:ORIGIN (m_interrupts)
                0x0000000000000000                __RAM_VECTOR_TABLE_SIZE_BYTES = DEFINED (__ram_vector_table__)?(__interrupts_ram_end__ - __interrupts_ram_start__):0x0

.data           0x000000001ffffe00      0x1b4 load address 0x0000000000007404
                0x000000001ffffe00                . = ALIGN (0x4)
                0x000000001ffffe00                __DATA_RAM = .
                0x000000001ffffe00                __data_start__ = .
 *(.data)
 *(.data*)
 .data.clockCallbackTable
                0x000000001ffffe00        0x4 CMakeFiles/Warp.dir/Users/kevin/Github/Warp-firmware/build/ksdk1.1/work/demos/Warp/src/warp-kl03-ksdk1.1-boot.c.obj
 .data.clockManagerCallbackUserlevelStructure
                0x000000001ffffe04        0xc CMakeFiles/Warp.dir/Users/kevin/Github/Warp-firmware/build/ksdk1.1/work/demos/Warp/src/warp-kl03-ksdk1.1-boot.c.obj
                0x000000001ffffe04                clockManagerCallbackUserlevelStructure
 .data.gWarpI2cBaudRateKbps
                0x000000001ffffe10        0x4 CMakeFiles/Warp.dir/Users/kevin/Github/Warp-firmware/build/ksdk1.1/work/demos/Warp/src/warp-kl03-ksdk1.1-boot.c.obj
                0x000000001ffffe10                gWarpI2cBaudRateKbps
 .data.gWarpI2cTimeoutMilliseconds
                0x000000001ffffe14        0x4 CMakeFiles/Warp.dir/Users/kevin/Github/Warp-firmware/build/ksdk1.1/work/demos/Warp/src/warp-kl03-ksdk1.1-boot.c.obj
                0x000000001ffffe14                gWarpI2cTimeoutMilliseconds
 .data.gWarpMenuPrintDelayMilliseconds
                0x000000001ffffe18        0x4 CMakeFiles/Warp.dir/Users/kevin/Github/Warp-firmware/build/ksdk1.1/work/demos/Warp/src/warp-kl03-ksdk1.1-boot.c.obj
                0x000000001ffffe18                gWarpMenuPrintDelayMilliseconds
 .data.gWarpMode
                0x000000001ffffe1c        0x1 CMakeFiles/Warp.dir/Users/kevin/Github/Warp-firmware/build/ksdk1.1/work/demos/Warp/src/warp-kl03-ksdk1.1-boot.c.obj
                0x000000001ffffe1c                gWarpMode
 *fill*         0x000000001ffffe1d        0x3 
 .data.gWarpSpiBaudRateKbps
                0x000000001ffffe20        0x4 CMakeFiles/Warp.dir/Users/kevin/Github/Warp-firmware/build/ksdk1.1/work/demos/Warp/src/warp-kl03-ksdk1.1-boot.c.obj
                0x000000001ffffe20                gWarpSpiBaudRateKbps
 .data.gWarpSupplySettlingDelayMilliseconds
                0x000000001ffffe24        0x4 CMakeFiles/Warp.dir/Users/kevin/Github/Warp-firmware/build/ksdk1.1/work/demos/Warp/src/warp-kl03-ksdk1.1-boot.c.obj
                0x000000001ffffe24                gWarpSupplySettlingDelayMilliseconds
 .data.gWarpUartBaudRateKbps
                0x000000001ffffe28        0x4 CMakeFiles/Warp.dir/Users/kevin/Github/Warp-firmware/build/ksdk1.1/work/demos/Warp/src/warp-kl03-ksdk1.1-boot.c.obj
                0x000000001ffffe28                gWarpUartBaudRateKbps
 .data.ina219_calValue
                0x000000001ffffe2c        0x4 CMakeFiles/Warp.dir/Users/kevin/Github/Warp-firmware/build/ksdk1.1/work/demos/Warp/src/devINA219.c.obj
                0x000000001ffffe2c                ina219_calValue
 .data.tpmParameter
                0x000000001ffffe30        0xc CMakeFiles/Warp.dir/Users/kevin/Github/Warp-firmware/build/ksdk1.1/work/demos/Warp/src/devHPA17F.c.obj
                0x000000001ffffe30                tpmParameter
 .data.inputPins
                0x000000001ffffe3c       0x10 CMakeFiles/Warp.dir/Users/kevin/Github/Warp-firmware/build/ksdk1.1/work/boards/Warp/gpio_pins.c.obj
                0x000000001ffffe3c                inputPins
 .data.outputPins
                0x000000001ffffe4c       0xf0 CMakeFiles/Warp.dir/Users/kevin/Github/Warp-firmware/build/ksdk1.1/work/boards/Warp/gpio_pins.c.obj
                0x000000001ffffe4c                outputPins
 .data.g_defaultClockConfigurations
                0x000000001fffff3c       0x18 ../../../../lib/ksdk_platform_lib/armgcc/KL03Z4/release/libksdk_platform.a(fsl_clock_MKL03Z4.c.obj)
                0x000000001fffff3c                g_defaultClockConfigurations
 .data.impure_data
                0x000000001fffff54       0x60 /Users/kevin/gcc-arm-none-eabi-9-2019-q4-major/bin/../lib/gcc/arm-none-eabi/9.2.1/../../../../arm-none-eabi/lib/thumb/v6-m/nofp/libc_nano.a(lib_a-impure.o)
 *(.jcr*)
                0x000000001fffffb4                . = ALIGN (0x4)
                0x000000001fffffb4                __data_end__ = .
                0x00000000000075b8                __DATA_END = (__DATA_ROM + (__data_end__ - __data_start__))

.igot.plt       0x000000001fffffb4        0x0 load address 0x00000000000075b8
 .igot.plt      0x000000001fffffb4        0x0 /Users/kevin/gcc-arm-none-eabi-9-2019-q4-major/bin/../lib/gcc/arm-none-eabi/9.2.1/thumb/v6-m/nofp/crtbegin.o

.bss            0x000000001fffffb4      0x28c load address 0x00000000000075b8
                0x000000001fffffb4                . = ALIGN (0x4)
                0x000000001fffffb4                __START_BSS = .
                0x000000001fffffb4                __bss_start__ = .
 *(.bss)
 .bss           0x000000001fffffb4       0x1c /Users/kevin/gcc-arm-none-eabi-9-2019-q4-major/bin/../lib/gcc/arm-none-eabi/9.2.1/thumb/v6-m/nofp/crtbegin.o
 *(.bss*)
 .bss.deviceINA219State
                0x000000001fffffd0       0x10 CMakeFiles/Warp.dir/Users/kevin/Github/Warp-firmware/build/ksdk1.1/work/demos/Warp/src/warp-kl03-ksdk1.1-boot.c.obj
                0x000000001fffffd0                deviceINA219State
 .bss.deviceMMA8451QState
                0x000000001fffffe0       0x10 CMakeFiles/Warp.dir/Users/kevin/Github/Warp-firmware/build/ksdk1.1/work/demos/Warp/src/warp-kl03-ksdk1.1-boot.c.obj
                0x000000001fffffe0                deviceMMA8451QState
 .bss.gWarpSleeptimeSeconds
                0x000000001ffffff0        0x4 CMakeFiles/Warp.dir/Users/kevin/Github/Warp-firmware/build/ksdk1.1/work/demos/Warp/src/warp-kl03-ksdk1.1-boot.c.obj
                0x000000001ffffff0                gWarpSleeptimeSeconds
 .bss.i2cMasterState
                0x000000001ffffff4       0x24 CMakeFiles/Warp.dir/Users/kevin/Github/Warp-firmware/build/ksdk1.1/work/demos/Warp/src/warp-kl03-ksdk1.1-boot.c.obj
                0x000000001ffffff4                i2cMasterState
 .bss.spiMasterState
                0x0000000020000018       0x30 CMakeFiles/Warp.dir/Users/kevin/Github/Warp-firmware/build/ksdk1.1/work/demos/Warp/src/warp-kl03-ksdk1.1-boot.c.obj
                0x0000000020000018                spiMasterState
 .bss.spiUserConfig
                0x0000000020000048        0x8 CMakeFiles/Warp.dir/Users/kevin/Github/Warp-firmware/build/ksdk1.1/work/demos/Warp/src/warp-kl03-ksdk1.1-boot.c.obj
                0x0000000020000048                spiUserConfig
 .bss.pulse_end
                0x0000000020000050        0x2 CMakeFiles/Warp.dir/Users/kevin/Github/Warp-firmware/build/ksdk1.1/work/demos/Warp/src/devHCSR04.c.obj
                0x0000000020000050                pulse_end
 .bss.tick      0x0000000020000052        0x2 CMakeFiles/Warp.dir/Users/kevin/Github/Warp-firmware/build/ksdk1.1/work/demos/Warp/src/devHCSR04.c.obj
                0x0000000020000052                tick
 .bss.value     0x0000000020000054        0x4 CMakeFiles/Warp.dir/Users/kevin/Github/Warp-firmware/build/ksdk1.1/work/demos/Warp/src/devHCSR04.c.obj
                0x0000000020000054                value
 .bss._SEGGER_RTT
                0x0000000020000058       0x78 CMakeFiles/Warp.dir/Users/kevin/Github/Warp-firmware/build/ksdk1.1/work/demos/Warp/src/SEGGER_RTT.c.obj
                0x0000000020000058                _SEGGER_RTT
 .bss._acDownBuffer
                0x00000000200000d0        0x4 CMakeFiles/Warp.dir/Users/kevin/Github/Warp-firmware/build/ksdk1.1/work/demos/Warp/src/SEGGER_RTT.c.obj
 .bss._acUpBuffer
                0x00000000200000d4       0xc8 CMakeFiles/Warp.dir/Users/kevin/Github/Warp-firmware/build/ksdk1.1/work/demos/Warp/src/SEGGER_RTT.c.obj
 .bss.g_freeTaskControlBlock
                0x000000002000019c        0x4 ../../../../lib/ksdk_platform_lib/armgcc/KL03Z4/release/libksdk_platform.a(fsl_os_abstraction_bm.c.obj)
 .bss.g_taskControlBlockPool
                0x00000000200001a0       0x50 ../../../../lib/ksdk_platform_lib/armgcc/KL03Z4/release/libksdk_platform.a(fsl_os_abstraction_bm.c.obj)
 .bss.g_taskListHead
                0x00000000200001f0       0x10 ../../../../lib/ksdk_platform_lib/armgcc/KL03Z4/release/libksdk_platform.a(fsl_os_abstraction_bm.c.obj)
 .bss.g_clockState
                0x0000000020000200       0x10 ../../../../lib/ksdk_platform_lib/armgcc/KL03Z4/release/libksdk_platform.a(fsl_clock_manager.c.obj)
 .bss.g_tpmClkFreq
                0x0000000020000210        0x8 ../../../../lib/ksdk_platform_lib/armgcc/KL03Z4/release/libksdk_platform.a(fsl_clock_MKL03Z4.c.obj)
                0x0000000020000210                g_tpmClkFreq
 .bss.g_interruptDisableCount
                0x0000000020000218        0x4 ../../../../lib/ksdk_platform_lib/armgcc/KL03Z4/release/libksdk_platform.a(fsl_interrupt_manager.c.obj)
                0x0000000020000218                g_interruptDisableCount
 .bss.gPowerManagerState
                0x000000002000021c       0x10 ../../../../lib/ksdk_platform_lib/armgcc/KL03Z4/release/libksdk_platform.a(fsl_power_manager.c.obj)
 .bss.g_i2cStatePtr
                0x000000002000022c        0x4 ../../../../lib/ksdk_platform_lib/armgcc/KL03Z4/release/libksdk_platform.a(fsl_i2c_common.c.obj)
                0x000000002000022c                g_i2cStatePtr
 .bss.g_xtal0ClkFreq
                0x0000000020000230        0x4 ../../../../lib/ksdk_platform_lib/armgcc/KL03Z4/release/libksdk_platform.a(fsl_mcglite_hal.c.obj)
                0x0000000020000230                g_xtal0ClkFreq
 .bss.g_xtalRtcClkFreq
                0x0000000020000234        0x4 ../../../../lib/ksdk_platform_lib/armgcc/KL03Z4/release/libksdk_platform.a(fsl_mcglite_hal.c.obj)
                0x0000000020000234                g_xtalRtcClkFreq
 .bss.g_spiStatePtr
                0x0000000020000238        0x4 ../../../../lib/ksdk_platform_lib/armgcc/KL03Z4/release/libksdk_platform.a(fsl_spi_shared_function.c.obj)
                0x0000000020000238                g_spiStatePtr
 .bss.s_tpmClockSource
                0x000000002000023c        0x1 ../../../../lib/ksdk_platform_lib/armgcc/KL03Z4/release/libksdk_platform.a(fsl_tpm_driver.c.obj)
 *(COMMON)
                0x0000000020000240                . = ALIGN (0x4)
 *fill*         0x000000002000023d        0x3 
                0x0000000020000240                __bss_end__ = .
                0x0000000020000240                __END_BSS = .

.heap           0x0000000020000240        0x0
                0x0000000020000240                . = ALIGN (0x8)
                0x0000000020000240                __end__ = .
                0x0000000020000240                PROVIDE (end = .)
                0x0000000020000240                __HeapBase = .
                0x0000000020000240                . = (. + HEAP_SIZE)
                0x0000000020000240                __HeapLimit = .

.stack          0x0000000020000240      0x300 load address 0x0000000000007844
                0x0000000020000240                . = ALIGN (0x8)
                0x0000000020000540                . = (. + STACK_SIZE)
 *fill*         0x0000000020000240      0x300 
                0x0000000020000600                __StackTop = (ORIGIN (m_data) + LENGTH (m_data))
                0x0000000020000300                __StackLimit = (__StackTop - STACK_SIZE)
                0x0000000020000600                PROVIDE (__stack = __StackTop)

.ARM.attributes
                0x0000000000000000       0x28
 *(.ARM.attributes)
 .ARM.attributes
                0x0000000000000000       0x1e /Users/kevin/gcc-arm-none-eabi-9-2019-q4-major/bin/../lib/gcc/arm-none-eabi/9.2.1/thumb/v6-m/nofp/crti.o
 .ARM.attributes
                0x000000000000001e       0x2c /Users/kevin/gcc-arm-none-eabi-9-2019-q4-major/bin/../lib/gcc/arm-none-eabi/9.2.1/thumb/v6-m/nofp/crtbegin.o
 .ARM.attributes
                0x000000000000004a       0x1b /Users/kevin/gcc-arm-none-eabi-9-2019-q4-major/bin/../lib/gcc/arm-none-eabi/9.2.1/../../../../arm-none-eabi/lib/thumb/v6-m/nofp/crt0.o
 .ARM.attributes
                0x0000000000000065       0x1b CMakeFiles/Warp.dir/Users/kevin/Github/Warp-firmware/build/ksdk1.1/work/platform/startup/MKL03Z4/gcc/startup_MKL03Z4.S.obj
 .ARM.attributes
                0x0000000000000080       0x2c CMakeFiles/Warp.dir/Users/kevin/Github/Warp-firmware/build/ksdk1.1/work/demos/Warp/src/warp-kl03-ksdk1.1-boot.c.obj
 .ARM.attributes
                0x00000000000000ac       0x2c CMakeFiles/Warp.dir/Users/kevin/Github/Warp-firmware/build/ksdk1.1/work/demos/Warp/src/warp-kl03-ksdk1.1-powermodes.c.obj
 .ARM.attributes
                0x00000000000000d8       0x2c CMakeFiles/Warp.dir/Users/kevin/Github/Warp-firmware/build/ksdk1.1/work/demos/Warp/src/devMMA8451Q.c.obj
 .ARM.attributes
                0x0000000000000104       0x2c CMakeFiles/Warp.dir/Users/kevin/Github/Warp-firmware/build/ksdk1.1/work/demos/Warp/src/devINA219.c.obj
 .ARM.attributes
                0x0000000000000130       0x2c CMakeFiles/Warp.dir/Users/kevin/Github/Warp-firmware/build/ksdk1.1/work/demos/Warp/src/devHCSR04.c.obj
 .ARM.attributes
                0x000000000000015c       0x2c CMakeFiles/Warp.dir/Users/kevin/Github/Warp-firmware/build/ksdk1.1/work/demos/Warp/src/devHPA17F.c.obj
 .ARM.attributes
                0x0000000000000188       0x2c CMakeFiles/Warp.dir/Users/kevin/Github/Warp-firmware/build/ksdk1.1/work/demos/Warp/src/delay.c.obj
 .ARM.attributes
                0x00000000000001b4       0x2c CMakeFiles/Warp.dir/Users/kevin/Github/Warp-firmware/build/ksdk1.1/work/demos/Warp/src/SEGGER_RTT.c.obj
 .ARM.attributes
                0x00000000000001e0       0x2c CMakeFiles/Warp.dir/Users/kevin/Github/Warp-firmware/build/ksdk1.1/work/demos/Warp/src/SEGGER_RTT_printf.c.obj
 .ARM.attributes
                0x000000000000020c       0x2c CMakeFiles/Warp.dir/Users/kevin/Github/Warp-firmware/build/ksdk1.1/work/platform/drivers/src/i2c/fsl_i2c_irq.c.obj
 .ARM.attributes
                0x0000000000000238       0x2c CMakeFiles/Warp.dir/Users/kevin/Github/Warp-firmware/build/ksdk1.1/work/platform/drivers/src/spi/fsl_spi_irq.c.obj
 .ARM.attributes
                0x0000000000000264       0x2c CMakeFiles/Warp.dir/Users/kevin/Github/Warp-firmware/build/ksdk1.1/work/platform/startup/MKL03Z4/system_MKL03Z4.c.obj
 .ARM.attributes
                0x0000000000000290       0x2c CMakeFiles/Warp.dir/Users/kevin/Github/Warp-firmware/build/ksdk1.1/work/platform/startup/startup.c.obj
 .ARM.attributes
                0x00000000000002bc       0x32 CMakeFiles/Warp.dir/Users/kevin/Github/Warp-firmware/build/ksdk1.1/work/boards/Warp/gpio_pins.c.obj
 .ARM.attributes
                0x00000000000002ee       0x2c ../../../../lib/ksdk_platform_lib/armgcc/KL03Z4/release/libksdk_platform.a(fsl_os_abstraction_bm.c.obj)
 .ARM.attributes
                0x000000000000031a       0x2c ../../../../lib/ksdk_platform_lib/armgcc/KL03Z4/release/libksdk_platform.a(fsl_clock_manager.c.obj)
 .ARM.attributes
                0x0000000000000346       0x2c ../../../../lib/ksdk_platform_lib/armgcc/KL03Z4/release/libksdk_platform.a(fsl_clock_MKL03Z4.c.obj)
 .ARM.attributes
                0x0000000000000372       0x2c ../../../../lib/ksdk_platform_lib/armgcc/KL03Z4/release/libksdk_platform.a(fsl_interrupt_manager.c.obj)
 .ARM.attributes
                0x000000000000039e       0x2c ../../../../lib/ksdk_platform_lib/armgcc/KL03Z4/release/libksdk_platform.a(fsl_power_manager.c.obj)
 .ARM.attributes
                0x00000000000003ca       0x2c ../../../../lib/ksdk_platform_lib/armgcc/KL03Z4/release/libksdk_platform.a(fsl_gpio_driver.c.obj)
 .ARM.attributes
                0x00000000000003f6       0x2c ../../../../lib/ksdk_platform_lib/armgcc/KL03Z4/release/libksdk_platform.a(fsl_i2c_shared_function.c.obj)
 .ARM.attributes
                0x0000000000000422       0x32 ../../../../lib/ksdk_platform_lib/armgcc/KL03Z4/release/libksdk_platform.a(fsl_i2c_common.c.obj)
 .ARM.attributes
                0x0000000000000454       0x2c ../../../../lib/ksdk_platform_lib/armgcc/KL03Z4/release/libksdk_platform.a(fsl_i2c_master_driver.c.obj)
 .ARM.attributes
                0x0000000000000480       0x2c ../../../../lib/ksdk_platform_lib/armgcc/KL03Z4/release/libksdk_platform.a(fsl_i2c_slave_driver.c.obj)
 .ARM.attributes
                0x00000000000004ac       0x2c ../../../../lib/ksdk_platform_lib/armgcc/KL03Z4/release/libksdk_platform.a(fsl_mcglite_hal.c.obj)
 .ARM.attributes
                0x00000000000004d8       0x2c ../../../../lib/ksdk_platform_lib/armgcc/KL03Z4/release/libksdk_platform.a(fsl_mcglite_hal_modes.c.obj)
 .ARM.attributes
                0x0000000000000504       0x2c ../../../../lib/ksdk_platform_lib/armgcc/KL03Z4/release/libksdk_platform.a(fsl_osc_hal.c.obj)
 .ARM.attributes
                0x0000000000000530       0x2c ../../../../lib/ksdk_platform_lib/armgcc/KL03Z4/release/libksdk_platform.a(fsl_rtc_hal.c.obj)
 .ARM.attributes